Component: ARM Compiler 5.06 update 6 (build 750) Tool: armlink [4d35ed]

==============================================================================

Section Cross References

    system_stm32f10x.o(i.SetSysClock) refers to system_stm32f10x.o(i.SetSysClockTo72) for SetSysClockTo72
    system_stm32f10x.o(i.SystemCoreClockUpdate) refers to system_stm32f10x.o(.data) for SystemCoreClock
    system_stm32f10x.o(i.SystemInit) refers to system_stm32f10x.o(i.SetSysClock) for SetSysClock
    main.o(i.TIM1_UP_IRQHandler) refers to stm32f10x_tim.o(i.TIM_GetITStatus) for TIM_GetITStatus
    main.o(i.TIM1_UP_IRQHandler) refers to encoder.o(i._ZN7ENCODER7get_PRMEv) for ENCODER::get_PRM()
    main.o(i.TIM1_UP_IRQHandler) refers to pid.o(i._ZN3PID7computeEff) for PID::compute(float, float)
    main.o(i.TIM1_UP_IRQHandler) refers to d2f.o(x$fpl$d2f) for __aeabi_d2f
    main.o(i.TIM1_UP_IRQHandler) refers to ffix.o(x$fpl$ffix) for __aeabi_f2iz
    main.o(i.TIM1_UP_IRQHandler) refers to motor.o(i._ZN5MOTOR6setPWMEi) for MOTOR::setPWM(int)
    main.o(i.TIM1_UP_IRQHandler) refers to stm32f10x_tim.o(i.TIM_ClearITPendingBit) for TIM_ClearITPendingBit
    main.o(i.TIM1_UP_IRQHandler) refers to main.o(.data) for odometry_calculate_sta
    main.o(i.TIM1_UP_IRQHandler) refers to main.o(.bss) for right_encoder
    main.o(i.TIM4_IRQHandler) refers to stm32f10x_tim.o(i.TIM_GetITStatus) for TIM_GetITStatus
    main.o(i.TIM4_IRQHandler) refers to main.o(i._ZSt3absf) for std::abs(float)
    main.o(i.TIM4_IRQHandler) refers to frleqf.o(x$fpl$frleqf) for __aeabi_cfrcmple
    main.o(i.TIM4_IRQHandler) refers to stm32f10x_tim.o(i.TIM_ClearITPendingBit) for TIM_ClearITPendingBit
    main.o(i.TIM4_IRQHandler) refers to main.o(.data) for odometry_send_sta
    main.o(i.__sti___8_main_cpp_98225b3c) refers to led.o(i._ZN3LEDC1Eb) for LED::LED(bool)
    main.o(i.__sti___8_main_cpp_98225b3c) refers to motor.o(i._ZN5MOTORC1E13Motor_TypeDefjj) for MOTOR::MOTOR(Motor_TypeDef, unsigned, unsigned)
    main.o(i.__sti___8_main_cpp_98225b3c) refers to pid.o(i._ZN3PIDC1Efffff) for PID::PID(float, float, float, float, float)
    main.o(i.__sti___8_main_cpp_98225b3c) refers to encoder.o(i._ZN7ENCODERC1E15Encoder_TypeDefjjj) for ENCODER::ENCODER(Encoder_TypeDef, unsigned, unsigned, unsigned)
    main.o(i.__sti___8_main_cpp_98225b3c) refers to battery.o(i._ZN7BatteryC1Efff) for Battery::Battery(float, float, float)
    main.o(i.__sti___8_main_cpp_98225b3c) refers to time.o(i._ZN4TIMEC1E12Time_TypeDefjj) for TIME::TIME(Time_TypeDef, unsigned, unsigned)
    main.o(i.__sti___8_main_cpp_98225b3c) refers to main.o(.data) for led_blue
    main.o(i.__sti___8_main_cpp_98225b3c) refers to main.o(.bss) for right_motor
    main.o(i.main) refers to _printf_percent.o(.ARM.Collect$$_printf_percent$$00000000) for _printf_percent
    main.o(i.main) refers to _printf_d.o(.ARM.Collect$$_printf_percent$$00000009) for _printf_d
    main.o(i.main) refers to _printf_f.o(.ARM.Collect$$_printf_percent$$00000003) for _printf_f
    main.o(i.main) refers to _printf_dec.o(.text) for _printf_int_dec
    main.o(i.main) refers to printf1.o(x$fpl$printf1) for _printf_fp_dec
    main.o(i.main) refers to misc.o(i.NVIC_PriorityGroupConfig) for NVIC_PriorityGroupConfig
    main.o(i.main) refers to millisecondtime.o(i.initia_millisecondtime) for initia_millisecondtime
    main.o(i.main) refers to led.o(i._ZN3LED4initEv) for LED::init()
    main.o(i.main) refers to battery.o(i._ZN7Battery4initEv) for Battery::init()
    main.o(i.main) refers to encoder.o(i._ZN7ENCODER4initEv) for ENCODER::init()
    main.o(i.main) refers to motor.o(i._ZN5MOTOR4initEv) for MOTOR::init()
    main.o(i.main) refers to usart.o(i.uart_init) for uart_init
    main.o(i.main) refers to usart3.o(i.uart3_init) for uart3_init
    main.o(i.main) refers to time.o(i._ZN4TIME4initEv) for TIME::init()
    main.o(i.main) refers to stm32f10x_tim.o(i.TIM_SetCompare1) for TIM_SetCompare1
    main.o(i.main) refers to stm32f10x_tim.o(i.TIM_SetCompare2) for TIM_SetCompare2
    main.o(i.main) refers to stm32f10x_tim.o(i.TIM_SetCompare3) for TIM_SetCompare3
    main.o(i.main) refers to stm32f10x_tim.o(i.TIM_SetCompare4) for TIM_SetCompare4
    main.o(i.main) refers to odometry.o(i._Z8odometryii) for odometry(int, int)
    main.o(i.main) refers to f2d.o(x$fpl$f2d) for __aeabi_f2d
    main.o(i.main) refers to noretval__2printf.o(.text) for __2printf
    main.o(i.main) refers to battery.o(i._ZN7Battery6filterEv) for Battery::filter()
    main.o(i.main) refers to battery.o(i._ZN7Battery8get_voltEv) for Battery::get_volt()
    main.o(i.main) refers to dleqf.o(x$fpl$dleqf) for __aeabi_cdcmple
    main.o(i.main) refers to led.o(i._ZN3LED6reveseEv) for LED::revese()
    main.o(i.main) refers to stm32f10x_usart.o(i.USART_ClearFlag) for USART_ClearFlag
    main.o(i.main) refers to stm32f10x_usart.o(i.USART_SendData) for USART_SendData
    main.o(i.main) refers to stm32f10x_usart.o(i.USART_GetFlagStatus) for USART_GetFlagStatus
[...]
    _dsub1                                   0x080049a9   Thumb Code     0  daddsub_clz.o(x$fpl$dsub)
    x$fpl$f2d                                0x08004b6c   Section       86  f2d.o(x$fpl$f2d)
    x$fpl$fadd                               0x08004bc4   Section      196  faddsub_clz.o(x$fpl$fadd)
    _fadd1                                   0x08004bd3   Thumb Code     0  faddsub_clz.o(x$fpl$fadd)
    x$fpl$fcheck1                            0x08004c88   Section       12  fcheck1.o(x$fpl$fcheck1)
    x$fpl$fcmpinf                            0x08004c94   Section       24  fcmpi.o(x$fpl$fcmpinf)
    x$fpl$fdiv                               0x08004cac   Section      388  fdiv.o(x$fpl$fdiv)
    _fdiv1                                   0x08004cad   Thumb Code     0  fdiv.o(x$fpl$fdiv)
    x$fpl$feqf                               0x08004e30   Section      104  feqf.o(x$fpl$feqf)
    x$fpl$ffix                               0x08004e98   Section       54  ffix.o(x$fpl$ffix)
    x$fpl$ffixu                              0x08004ed0   Section       62  ffixu.o(x$fpl$ffixu)
    x$fpl$fflt                               0x08004f10   Section       48  fflt_clz.o(x$fpl$fflt)
    x$fpl$ffltu                              0x08004f40   Section       38  fflt_clz.o(x$fpl$ffltu)
    x$fpl$fleqf                              0x08004f68   Section      104  fleqf.o(x$fpl$fleqf)
    x$fpl$fmul                               0x08004fd0   Section      258  fmul.o(x$fpl$fmul)
    x$fpl$fnaninf                            0x080050d2   Section      140  fnaninf.o(x$fpl$fnaninf)
    x$fpl$fretinf                            0x0800515e   Section       10  fretinf.o(x$fpl$fretinf)
    x$fpl$frleqf                             0x08005168   Section       98  frleqf.o(x$fpl$frleqf)
    x$fpl$frnd                               0x080051cc   Section       96  frnd.o(x$fpl$frnd)
    x$fpl$frsb                               0x0800522c   Section       20  faddsub_clz.o(x$fpl$frsb)
    x$fpl$fsub                               0x08005240   Section      234  faddsub_clz.o(x$fpl$fsub)
    _fsub1                                   0x0800524f   Thumb Code     0  faddsub_clz.o(x$fpl$fsub)
    x$fpl$printf1                            0x0800532a   Section        4  printf1.o(x$fpl$printf1)
    x$fpl$retnan                             0x0800532e   Section      100  retnan.o(x$fpl$retnan)
    x$fpl$scalbnf                            0x08005392   Section       76  scalbnf.o(x$fpl$scalbnf)
    x$fpl$trapveneer                         0x080053de   Section       48  trapv.o(x$fpl$trapveneer)
    x$fpl$usenofp                            0x0800540e   Section        0  usenofp.o(x$fpl$usenofp)
    .constdata                               0x08005410   Section       32  motor.o(.constdata)
    MOTOR_PWMA_PORT_CLK                      0x08005410   Data           8  motor.o(.constdata)
    MOTOR_PWMB_PORT_CLK                      0x08005418   Data           8  motor.o(.constdata)
    MOTOR_PWM_TIM_CLK                        0x08005420   Data           8  motor.o(.constdata)
    MOTOR_PWMA_PIN                           0x08005428   Data           4  motor.o(.constdata)
    MOTOR_PWMB_PIN                           0x0800542c   Data           4  motor.o(.constdata)
    .constdata                               0x08005430   Section       26  encoder.o(.constdata)
    ENCODER_A_PIN                            0x08005430   Data           4  encoder.o(.constdata)
    ENCODER_B_PIN                            0x08005434   Data           4  encoder.o(.constdata)
    ENCODER_PORT_CLK                         0x08005438   Data           8  encoder.o(.constdata)
    ENCODER_TIM_CLK                          0x08005440   Data           8  encoder.o(.constdata)
    TIME_IRQn                                0x08005448   Data           2  encoder.o(.constdata)
    .constdata                               0x0800544c   Section       10  time.o(.constdata)
    TIME_TIM_CLK                             0x0800544c   Data           8  time.o(.constdata)
    TIME_IRQn                                0x08005454   Data           2  time.o(.constdata)
    .constdata                               0x08005458   Section       32  rredf.o(.constdata)
    twooverpi                                0x08005458   Data          32  rredf.o(.constdata)
    .constdata                               0x08005478   Section      148  bigflt0.o(.constdata)
    tenpwrs_x                                0x08005478   Data          60  bigflt0.o(.constdata)
    tenpwrs_i                                0x080054b4   Data          64  bigflt0.o(.constdata)
    locale$$data                             0x0800552c   Section       28  lc_numeric_c.o(locale$$data)
    __lcnum_c_name                           0x08005530   Data           2  lc_numeric_c.o(locale$$data)
    __lcnum_c_start                          0x08005538   Data           0  lc_numeric_c.o(locale$$data)
    __lcnum_c_point                          0x08005544   Data           0  lc_numeric_c.o(locale$$data)
    __lcnum_c_thousands                      0x08005546   Data           0  lc_numeric_c.o(locale$$data)
    __lcnum_c_grouping                       0x08005547   Data           0  lc_numeric_c.o(locale$$data)
    .init_array                              0x08005548   Section        4  main.o(.init_array)
    __lcnum_c_end                            0x08005548   Data           0  lc_numeric_c.o(locale$$data)
    .init_array                              0x0800554c   Section        0  init_aeabi.o(.init_array)
    .data                                    0x20000000   Section       20  system_stm32f10x.o(.data)
    .data                                    0x20000014   Section       69  main.o(.data)
    .data                                    0x20000059   Section       20  stm32f10x_rcc.o(.data)
    APBAHBPrescTable                         0x20000059   Data          16  stm32f10x_rcc.o(.data)
    ADCPrescTable                            0x20000069   Data           4  stm32f10x_rcc.o(.data)
    .data                                    0x20000070   Section        7  usart.o(.data)
    .data                                    0x20000078   Section       24  motor.o(.data)
    .data                                    0x20000090   Section       28  encoder.o(.data)
    .data                                    0x200000ac   Section        7  millisecondtime.o(.data)
    .data                                    0x200000b4   Section        4  battery.o(.data)
    b                                        0x200000b4   Data           4  battery.o(.data)
    .data                                    0x200000b8   Section        8  time.o(.data)
    .data                                    0x200000c0   Section        4  usart3.o(.data)
    .data                                    0x200000c4   Section       65  odometry.o(.data)
    .bss                                     0x20000108   Section      260  main.o(.bss)
    .bss                                     0x2000020c   Section      200  usart.o(.bss)
    .bss                                     0x200002d4   Section      100  battery.o(.bss)
    a                                        0x200002d4   Data         100  battery.o(.bss)
    .bss                                     0x20000338   Section      200  usart3.o(.bss)
    .bss                                     0x20000400   Section       96  libspace.o(.bss)
    HEAP                                     0x20000460   Section      512  startup_stm32f10x_hd.o(HEAP)
    Heap_Mem                                 0x20000460   Data         512  startup_stm32f10x_hd.o(HEAP)
    STACK                                    0x20000660   Section     1024  startup_stm32f10x_hd.o(STACK)
    Stack_Mem                                0x20000660   Data        1024  startup_stm32f10x_hd.o(STACK)
    __initial_sp                             0x20000a60   Data           0  startup_stm32f10x_hd.o(STACK)

    Global Symbols

    Symbol Name                              Value     Ov Type        Size  Object(Section)

    BuildAttributes$$THM_ISAv4$P$D$K$B$S$PE$A:L22UL41UL21$X:L11$S22US41US21$IEEE1$IW$USESV6$~STKCKD$USESV7$~SHL$OTIME$ROPI$IEEEX$EBA8$UX$STANDARDLIB$REQ8$PRES8$EABIv2 0x00000000   Number         0  anon$$obj.o ABSOLUTE
    __ARM_use_no_argv                        0x00000000   Number         0  main.o ABSOLUTE
    __ARM_exceptions_init                     - Undefined Weak Reference
    __alloca_initialize                       - Undefined Weak Reference
    __arm_preinit_                            - Undefined Weak Reference
    __cxa_finalize                            - Undefined Weak Reference
    __sigvec_lookup                           - Undefined Weak Reference
    _atexit_init                              - Undefined Weak Reference
    _call_atexit_fns                          - Undefined Weak Reference
    _clock_init                               - Undefined Weak Reference
    _fp_trap_init                             - Undefined Weak Reference
    _fp_trap_shutdown                         - Undefined Weak Reference
    _get_lc_collate                           - Undefined Weak Reference
    _get_lc_ctype                             - Undefined Weak Reference
    _get_lc_monetary                          - Undefined Weak Reference
    _get_lc_time                              - Undefined Weak Reference
    _getenv_init                              - Undefined Weak Reference
    _handle_redirection                       - Undefined Weak Reference
    _init_alloc                               - Undefined Weak Reference
    _init_user_alloc                          - Undefined Weak Reference
    _initio                                   - Undefined Weak Reference
    _mutex_acquire                            - Undefined Weak Reference
    _mutex_release                            - Undefined Weak Reference
    _printf_post_padding                      - Undefined Weak Reference
    _printf_pre_padding                       - Undefined Weak Reference
    _printf_truncate_signed                   - Undefined Weak Reference
    _printf_truncate_unsigned                 - Undefined Weak Reference
    _rand_init                                - Undefined Weak Reference
    _signal_finish                            - Undefined Weak Reference
    _signal_init                              - Undefined Weak Reference
    _terminate_alloc                          - Undefined Weak Reference
    _terminate_user_alloc                     - Undefined Weak Reference
    _terminateio                              - Undefined Weak Reference
    __Vectors_Size                           0x00000130   Number         0  startup_stm32f10x_hd.o ABSOLUTE
    __Vectors                                0x08000000   Data           4  startup_stm32f10x_hd.o(RESET)
    __Vectors_End                            0x08000130   Data           0  startup_stm32f10x_hd.o(RESET)
    __main                                   0x08000131   Thumb Code     8  __main.o(!!!main)
    __scatterload                            0x08000139   Thumb Code     0  __scatter.o(!!!scatter)
    __scatterload_rt2                        0x08000139   Thumb Code    44  __scatter.o(!!!scatter)
    __scatterload_rt2_thumb_only             0x08000139   Thumb Code     0  __scatter.o(!!!scatter)
    __scatterload_null                       0x08000147   Thumb Code     0  __scatter.o(!!!scatter)
    __scatterload_copy                       0x0800016d   Thumb Code    26  __scatter_copy.o(!!handler_copy)
    __scatterload_zeroinit                   0x08000189   Thumb Code    28  __scatter_zi.o(!!handler_zi)
    _printf_f                                0x080001a5   Thumb Code     0  _printf_f.o(.ARM.Collect$$_printf_percent$$00000003)
    _printf_percent                          0x080001a5   Thumb Code     0  _printf_percent.o(.ARM.Collect$$_printf_percent$$00000000)
    _printf_d                                0x080001ab   Thumb Code     0  _printf_d.o(.ARM.Collect$$_printf_percent$$00000009)
    _printf_percent_end                      0x080001b1   Thumb Code     0  _printf_percent_end.o(.ARM.Collect$$_printf_percent$$00000017)
    __rt_lib_init                            0x080001b5   Thumb Code     0  libinit.o(.ARM.Collect$$libinit$$00000000)
    __rt_lib_init_fp_1                       0x080001b7   Thumb Code     0  libinit2.o(.ARM.Collect$$libinit$$00000002)
    __rt_lib_init_heap_1                     0x080001b7   Thumb Code     0  libinit2.o(.ARM.Collect$$libinit$$0000000A)
    __rt_lib_init_lc_common                  0x080001b7   Thumb Code     0  libinit2.o(.ARM.Collect$$libinit$$0000000F)
    __rt_lib_init_preinit_1                  0x080001b7   Thumb Code     0  libinit2.o(.ARM.Collect$$libinit$$00000004)
    __rt_lib_init_rand_1                     0x080001b7   Thumb Code     0  libinit2.o(.ARM.Collect$$libinit$$0000000E)
    __rt_lib_init_user_alloc_1               0x080001b7   Thumb Code     0  libinit2.o(.ARM.Collect$$libinit$$0000000C)
    __rt_lib_init_lc_collate_1               0x080001bd   Thumb Code     0  libinit2.o(.ARM.Collect$$libinit$$00000011)
    __rt_lib_init_lc_ctype_1                 0x080001bd   Thumb Code     0  libinit2.o(.ARM.Collect$$libinit$$00000013)
    __rt_lib_init_lc_monetary_1              0x080001bd   Thumb Code     0  libinit2.o(.ARM.Collect$$libinit$$00000015)
    __rt_lib_init_lc_numeric_2               0x080001bd   Thumb Code     0  libinit2.o(.ARM.Collect$$libinit$$00000016)
    __rt_lib_init_alloca_1                   0x080001c7   Thumb Code     0  libinit2.o(.ARM.Collect$$libinit$$0000002E)
    __rt_lib_init_argv_1                     0x080001c7   Thumb Code     0  libinit2.o(.ARM.Collect$$libinit$$0000002C)
    __rt_lib_init_atexit_1                   0x080001c7   Thumb Code     0  libinit2.o(.ARM.Collect$$libinit$$0000001B)
    __rt_lib_init_clock_1                    0x080001c7   Thumb Code     0  libinit2.o(.ARM.Collect$$libinit$$00000021)
    __rt_lib_init_cpp_2                      0x080001c7   Thumb Code     0  libinit2.o(.ARM.Collect$$libinit$$00000031)
    __rt_lib_init_exceptions_1               0x080001c7   Thumb Code     0  libinit2.o(.ARM.Collect$$libinit$$00000030)
    __rt_lib_init_fp_trap_1                  0x080001c7   Thumb Code     0  libinit2.o(.ARM.Collect$$libinit$$0000001F)
    __rt_lib_init_getenv_1                   0x080001c7   Thumb Code     0  libinit2.o(.ARM.Collect$$libinit$$00000023)
    __rt_lib_init_lc_numeric_1               0x080001c7   Thumb Code     0  libinit2.o(.ARM.Collect$$libinit$$00000017)
    __rt_lib_init_lc_time_1                  0x080001c7   Thumb Code     0  libinit2.o(.ARM.Collect$$libinit$$00000019)
    __rt_lib_init_signal_1                   0x080001c7   Thumb Code     0  libinit2.o(.ARM.Collect$$libinit$$0000001D)
    __rt_lib_init_stdio_1                    0x080001c7   Thumb Code     0  libinit2.o(.ARM.Collect$$libinit$$00000025)
    __rt_lib_init_cpp_1                      0x080001cb   Thumb Code     0  libinit2.o(.ARM.Collect$$libinit$$00000032)
    __rt_lib_init_return                     0x080001cb   Thumb Code     0  libinit2.o(.ARM.Collect$$libinit$$00000033)
    __rt_lib_shutdown                        0x080001cd   Thumb Code     0  libshutdown.o(.ARM.Collect$$libshutdown$$00000000)
    __rt_lib_shutdown_cpp_1                  0x080001cf   Thumb Code     0  libshutdown2.o(.ARM.Collect$$libshutdown$$00000002)
    __rt_lib_shutdown_fp_trap_1              0x080001cf   Thumb Code     0  libshutdown2.o(.ARM.Collect$$libshutdown$$00000007)
    __rt_lib_shutdown_heap_1                 0x080001cf   Thumb Code     0  libshutdown2.o(.ARM.Collect$$libshutdown$$0000000F)
    __rt_lib_shutdown_return                 0x080001cf   Thumb Code     0  libshutdown2.o(.ARM.Collect$$libshutdown$$00000010)
    __rt_lib_shutdown_signal_1               0x080001cf   Thumb Code     0  libshutdown2.o(.ARM.Collect$$libshutdown$$0000000A)
    __rt_lib_shutdown_stdio_1                0x080001cf   Thumb Code     0  libshutdown2.o(.ARM.Collect$$libshutdown$$00000004)
    __rt_lib_shutdown_user_alloc_1           0x080001cf   Thumb Code     0  libshutdown2.o(.ARM.Collect$$libshutdown$$0000000C)
    __rt_entry                               0x080001d1   Thumb Code     0  __rtentry.o(.ARM.Collect$$rtentry$$00000000)
    __rt_entry_presh_1                       0x080001d1   Thumb Code     0  __rtentry2.o(.ARM.Collect$$rtentry$$00000002)
    __rt_entry_sh                            0x080001d1   Thumb Code     0  __rtentry4.o(.ARM.Collect$$rtentry$$00000004)
    __rt_entry_li                            0x080001d7   Thumb Code     0  __rtentry2.o(.ARM.Collect$$rtentry$$0000000A)
    __rt_entry_postsh_1                      0x080001d7   Thumb Code     0  __rtentry2.o(.ARM.Collect$$rtentry$$00000009)
    __rt_entry_main                          0x080001db   Thumb Code     0  __rtentry2.o(.ARM.Collect$$rtentry$$0000000D)
    __rt_entry_postli_1                      0x080001db   Thumb Code     0  __rtentry2.o(.ARM.Collect$$rtentry$$0000000C)
    __rt_exit                                0x080001e3   Thumb Code     0  rtexit.o(.ARM.Collect$$rtexit$$00000000)
    __rt_exit_ls                             0x080001e5   Thumb Code     0  rtexit2.o(.ARM.Collect$$rtexit$$00000003)
    __rt_exit_prels_1                        0x080001e5   Thumb Code     0  rtexit2.o(.ARM.Collect$$rtexit$$00000002)
    __rt_exit_exit                           0x080001e9   Thumb Code     0  rtexit2.o(.ARM.Collect$$rtexit$$00000004)
    Reset_Handler                            0x080001f1   Thumb Code     8  startup_stm32f10x_hd.o(.text)
    ADC1_2_IRQHandler                        0x0800020b   Thumb Code     0  startup_stm32f10x_hd.o(.text)
    ADC3_IRQHandler                          0x0800020b   Thumb Code     0  startup_stm32f10x_hd.o(.text)
    CAN1_RX1_IRQHandler                      0x0800020b   Thumb Code     0  startup_stm32f10x_hd.o(.text)
    CAN1_SCE_IRQHandler                      0x0800020b   Thumb Code     0  startup_stm32f10x_hd.o(.text)
    DMA1_Channel1_IRQHandler                 0x0800020b   Thumb Code     0  startup_stm32f10x_hd.o(.text)
    DMA1_Channel2_IRQHandler                 0x0800020b   Thumb Code     0  startup_stm32f10x_hd.o(.text)
    DMA1_Channel3_IRQHandler                 0x0800020b   Thumb Code     0  startup_stm32f10x_hd.o(.text)
    DMA1_Channel4_IRQHandler                 0x0800020b   Thumb Code     0  startup_stm32f10x_hd.o(.text)
    DMA1_Channel5_IRQHandler                 0x0800020b   Thumb Code     0  startup_stm32f10x_hd.o(.text)
    DMA1_Channel6_IRQHandler                 0x0800020b   Thumb Code     0  startup_stm32f10x_hd.o(.text)
    DMA1_Channel7_IRQHandler                 0x0800020b   Thumb Code     0  startup_stm32f10x_hd.o(.text)
    DMA2_Channel1_IRQHandler                 0x0800020b   Thumb Code     0  startup_stm32f10x_hd.o(.text)
    DMA2_Channel2_IRQHandler                 0x0800020b   Thumb Code     0  startup_stm32f10x_hd.o(.text)
    DMA2_Channel3_IRQHandler                 0x0800020b   Thumb Code     0  startup_stm32f10x_hd.o(.text)
    DMA2_Channel4_5_IRQHandler               0x0800020b   Thumb Code     0  startup_stm32f10x_hd.o(.text)
    EXTI0_IRQHandler                         0x0800020b   Thumb Code     0  startup_stm32f10x_hd.o(.text)
    EXTI15_10_IRQHandler                     0x0800020b   Thumb Code     0  startup_stm32f10x_hd.o(.text)
    EXTI1_IRQHandler                         0x0800020b   Thumb Code     0  startup_stm32f10x_hd.o(.text)
    EXTI2_IRQHandler                         0x0800020b   Thumb Code     0  startup_stm32f10x_hd.o(.text)
    EXTI3_IRQHandler                         0x0800020b   Thumb Code     0  startup_stm32f10x_hd.o(.text)
    EXTI4_IRQHandler                         0x0800020b   Thumb Code     0  startup_stm32f10x_hd.o(.text)
    EXTI9_5_IRQHandler                       0x0800020b   Thumb Code     0  startup_stm32f10x_hd.o(.text)
    FLASH_IRQHandler                         0x0800020b   Thumb Code     0  startup_stm32f10x_hd.o(.text)
    FSMC_IRQHandler                          0x0800020b   Thumb Code     0  startup_stm32f10x_hd.o(.text)
    I2C1_ER_IRQHandler                       0x0800020b   Thumb Code     0  startup_stm32f10x_hd.o(.text)
    I2C1_EV_IRQHandler                       0x0800020b   Thumb Code     0  startup_stm32f10x_hd.o(.text)
    I2C2_ER_IRQHandler                       0x0800020b   Thumb Code     0  startup_stm32f10x_hd.o(.text)
    I2C2_EV_IRQHandler                       0x0800020b   Thumb Code     0  startup_stm32f10x_hd.o(.text)
    PVD_IRQHandler                           0x0800020b   Thumb Code     0  startup_stm32f10x_hd.o(.text)
    RCC_IRQHandler                           0x0800020b   Thumb Code     0  startup_stm32f10x_hd.o(.text)
    RTCAlarm_IRQHandler                      0x0800020b   Thumb Code     0  startup_stm32f10x_hd.o(.text)
    RTC_IRQHandler                           0x0800020b   Thumb Code     0  startup_stm32f10x_hd.o(.text)
    SDIO_IRQHandler                          0x0800020b   Thumb Code     0  startup_stm32f10x_hd.o(.text)
    SPI1_IRQHandler                          0x0800020b   Thumb Code     0  startup_stm32f10x_hd.o(.text)
    SPI2_IRQHandler                          0x0800020b   Thumb Code     0  startup_stm32f10x_hd.o(.text)
    SPI3_IRQHandler                          0x0800020b   Thumb Code     0  startup_stm32f10x_hd.o(.text)
    TAMPER_IRQHandler                        0x0800020b   Thumb Code     0  startup_stm32f10x_hd.o(.text)
    TIM1_BRK_IRQHandler                      0x0800020b   Thumb Code     0  startup_stm32f10x_hd.o(.text)
    TIM1_CC_IRQHandler                       0x0800020b   Thumb Code     0  startup_stm32f10x_hd.o(.text)
    TIM1_TRG_COM_IRQHandler                  0x0800020b   Thumb Code     0  startup_stm32f10x_hd.o(.text)
    TIM2_IRQHandler                          0x0800020b   Thumb Code     0  startup_stm32f10x_hd.o(.text)
    TIM6_IRQHandler                          0x0800020b   Thumb Code     0  startup_stm32f10x_hd.o(.text)
    TIM7_IRQHandler                          0x0800020b   Thumb Code     0  startup_stm32f10x_hd.o(.text)
    TIM8_BRK_IRQHandler                      0x0800020b   Thumb Code     0  startup_stm32f10x_hd.o(.text)
    TIM8_CC_IRQHandler                       0x0800020b   Thumb Code     0  startup_stm32f10x_hd.o(.text)
    TIM8_TRG_COM_IRQHandler                  0x0800020b   Thumb Code     0  startup_stm32f10x_hd.o(.text)
    TIM8_UP_IRQHandler                       0x0800020b   Thumb Code     0  startup_stm32f10x_hd.o(.text)
    UART4_IRQHandler                         0x0800020b   Thumb Code     0  startup_stm32f10x_hd.o(.text)
    UART5_IRQHandler                         0x0800020b   Thumb Code     0  startup_stm32f10x_hd.o(.text)
    USART1_IRQHandler                        0x0800020b   Thumb Code     0  startup_stm32f10x_hd.o(.text)
    USBWakeUp_IRQHandler                     0x0800020b   Thumb Code     0  startup_stm32f10x_hd.o(.text)
    USB_HP_CAN1_TX_IRQHandler                0x0800020b   Thumb Code     0  startup_stm32f10x_hd.o(.text)
    USB_LP_CAN1_RX0_IRQHandler               0x0800020b   Thumb Code     0  startup_stm32f10x_hd.o(.text)
    WWDG_IRQHandler                          0x0800020b   Thumb Code     0  startup_stm32f10x_hd.o(.text)
    __user_initial_stackheap                 0x0800020d   Thumb Code     0  startup_stm32f10x_hd.o(.text)
    __use_no_semihosting                     0x08000231   Thumb Code     2  use_no_semi_2.o(.text)
    __2printf                                0x08000235   Thumb Code    20  noretval__2printf.o(.text)
    __printf                                 0x0800024d   Thumb Code   104  __printf.o(.text)
    _printf_int_dec                          0x080002b5   Thumb Code   104  _printf_dec.o(.text)
    strcmp                                   0x0800032d   Thumb Code   128  strcmpv7m.o(.text)
    __use_two_region_memory                  0x080003ad   Thumb Code     2  heapauxi.o(.text)
    __rt_heap_escrow$2region                 0x080003af   Thumb Code     2  heapauxi.o(.text)
    __rt_heap_expand$2region                 0x080003b1   Thumb Code     2  heapauxi.o(.text)
    __cpp_initialize__aeabi_                 0x080003b5   Thumb Code    26  init_aeabi.o(.text)
    __I$use$semihosting                      0x080003d9   Thumb Code     0  use_no_semi.o(.text)
    __use_no_semihosting_swi                 0x080003d9   Thumb Code     2  use_no_semi.o(.text)
    __read_errno                             0x080003db   Thumb Code    10  _rserrno.o(.text)
    __set_errno                              0x080003e5   Thumb Code    12  _rserrno.o(.text)
    _printf_int_common                       0x080003f1   Thumb Code   178  _printf_intcommon.o(.text)
    __lib_sel_fp_printf                      0x080004a3   Thumb Code     2  _printf_fp_dec.o(.text)
    _printf_fp_dec_real                      0x08000655   Thumb Code   620  _printf_fp_dec.o(.text)
    _printf_char_file                        0x080008c1   Thumb Code    32  _printf_char_file.o(.text)
    __rt_locale                              0x080008e5   Thumb Code     8  rt_locale_intlibspace.o(.text)
    __aeabi_errno_addr                       0x080008ed   Thumb Code     8  rt_errno_addr_intlibspace.o(.text)
    __errno$intlibspace                      0x080008ed   Thumb Code     0  rt_errno_addr_intlibspace.o(.text)
    __rt_errno_addr$intlibspace              0x080008ed   Thumb Code     0  rt_errno_addr_intlibspace.o(.text)
    _ll_udiv10                               0x080008f5   Thumb Code   138  lludiv10.o(.text)
    _printf_char_common                      0x0800098b   Thumb Code    32  _printf_char_common.o(.text)
    _printf_fp_infnan                        0x080009b1   Thumb Code   112  _printf_fp_infnan.o(.text)
    _btod_etento                             0x08000a31   Thumb Code   224  bigflt0.o(.text)
    ferror                                   0x08000b15   Thumb Code     8  ferror.o(.text)
    __user_libspace                          0x08000b1d   Thumb Code     8  libspace.o(.text)
    __user_perproc_libspace                  0x08000b1d   Thumb Code     0  libspace.o(.text)
    __user_perthread_libspace                0x08000b1d   Thumb Code     0  libspace.o(.text)
    __user_setup_stackheap                   0x08000b25   Thumb Code    74  sys_stackheap_outer.o(.text)
    exit                                     0x08000b6f   Thumb Code    18  exit.o(.text)
    _btod_d2e                                0x08000b81   Thumb Code    62  btod.o(CL$$btod_d2e)
    _d2e_denorm_low                          0x08000bbf   Thumb Code    70  btod.o(CL$$btod_d2e_denorm_low)
    _d2e_norm_op1                            0x08000c05   Thumb Code    96  btod.o(CL$$btod_d2e_norm_op1)
    __btod_div_common                        0x08000c65   Thumb Code   696  btod.o(CL$$btod_div_common)
    _e2e                                     0x08000f9d   Thumb Code   220  btod.o(CL$$btod_e2e)
    _btod_ediv                               0x08001079   Thumb Code    42  btod.o(CL$$btod_ediv)
    _btod_emul                               0x080010a3   Thumb Code    42  btod.o(CL$$btod_emul)
    __btod_mult_common                       0x080010cd   Thumb Code   580  btod.o(CL$$btod_mult_common)
    ADC_Cmd                                  0x08001311   Thumb Code    22  stm32f10x_adc.o(i.ADC_Cmd)
    ADC_DMACmd                               0x08001327   Thumb Code    22  stm32f10x_adc.o(i.ADC_DMACmd)
    ADC_GetCalibrationStatus                 0x0800133d   Thumb Code    20  stm32f10x_adc.o(i.ADC_GetCalibrationStatus)
    ADC_GetResetCalibrationStatus            0x08001351   Thumb Code    20  stm32f10x_adc.o(i.ADC_GetResetCalibrationStatus)
    ADC_Init                                 0x08001365   Thumb Code    70  stm32f10x_adc.o(i.ADC_Init)
    ADC_RegularChannelConfig                 0x080013b5   Thumb Code   184  stm32f10x_adc.o(i.ADC_RegularChannelConfig)
    ADC_ResetCalibration                     0x0800146d   Thumb Code    10  stm32f10x_adc.o(i.ADC_ResetCalibration)
    ADC_SoftwareStartConvCmd                 0x08001477   Thumb Code    22  stm32f10x_adc.o(i.ADC_SoftwareStartConvCmd)
    ADC_StartCalibration                     0x0800148d   Thumb Code    10  stm32f10x_adc.o(i.ADC_StartCalibration)
    BusFault_Handler                         0x08001497   Thumb Code     4  stm32f10x_it.o(i.BusFault_Handler)
    DMA_Cmd                                  0x0800149b   Thumb Code    24  stm32f10x_dma.o(i.DMA_Cmd)
    DMA_DeInit                               0x080014b5   Thumb Code   324  stm32f10x_dma.o(i.DMA_DeInit)
    DMA_Init                                 0x08001601   Thumb Code    60  stm32f10x_dma.o(i.DMA_Init)
    DebugMon_Handler                         0x0800163d   Thumb Code     2  stm32f10x_it.o(i.DebugMon_Handler)
    GPIO_Init                                0x0800163f   Thumb Code   278  stm32f10x_gpio.o(i.GPIO_Init)
    HardFault_Handler                        0x08001755   Thumb Code     4  stm32f10x_it.o(i.HardFault_Handler)
    MemManage_Handler                        0x08001759   Thumb Code     4  stm32f10x_it.o(i.MemManage_Handler)
    NMI_Handler                              0x0800175d   Thumb Code     2  stm32f10x_it.o(i.NMI_Handler)
    NVIC_Init                                0x08001761   Thumb Code   100  misc.o(i.NVIC_Init)
    NVIC_PriorityGroupConfig                 0x080017d1   Thumb Code    10  misc.o(i.NVIC_PriorityGroupConfig)
    PendSV_Handler                           0x080017e5   Thumb Code     2  stm32f10x_it.o(i.PendSV_Handler)
    RCC_ADCCLKConfig                         0x080017e9   Thumb Code    18  stm32f10x_rcc.o(i.RCC_ADCCLKConfig)
    RCC_AHBPeriphClockCmd                    0x08001801   Thumb Code    26  stm32f10x_rcc.o(i.RCC_AHBPeriphClockCmd)
    RCC_APB1PeriphClockCmd                   0x08001821   Thumb Code    26  stm32f10x_rcc.o(i.RCC_APB1PeriphClockCmd)
    RCC_APB1PeriphResetCmd                   0x08001841   Thumb Code    26  stm32f10x_rcc.o(i.RCC_APB1PeriphResetCmd)
    RCC_APB2PeriphClockCmd                   0x08001861   Thumb Code    26  stm32f10x_rcc.o(i.RCC_APB2PeriphClockCmd)
    RCC_APB2PeriphResetCmd                   0x08001881   Thumb Code    26  stm32f10x_rcc.o(i.RCC_APB2PeriphResetCmd)
    RCC_GetClocksFreq                        0x080018a1   Thumb Code   192  stm32f10x_rcc.o(i.RCC_GetClocksFreq)
    SVC_Handler                              0x0800197d   Thumb Code     2  stm32f10x_it.o(i.SVC_Handler)
    SysTick_Handler                          0x08001a69   Thumb Code    58  millisecondtime.o(i.SysTick_Handler)
    SystemInit                               0x08001ab1   Thumb Code    78  system_stm32f10x.o(i.SystemInit)
    TIM1_UP_IRQHandler                       0x08001d51   Thumb Code   134  main.o(i.TIM1_UP_IRQHandler)
    TIM3_IRQHandler                          0x08001e11   Thumb Code    66  encoder.o(i.TIM3_IRQHandler)
    TIM4_IRQHandler                          0x08001e61   Thumb Code    82  main.o(i.TIM4_IRQHandler)
    TIM5_IRQHandler                          0x08001ecd   Thumb Code    60  encoder.o(i.TIM5_IRQHandler)
    TIM_ARRPreloadConfig                     0x08001f11   Thumb Code    24  stm32f10x_tim.o(i.TIM_ARRPreloadConfig)
    TIM_ClearFlag                            0x08001f29   Thumb Code     6  stm32f10x_tim.o(i.TIM_ClearFlag)
    TIM_ClearITPendingBit                    0x08001f2f   Thumb Code     6  stm32f10x_tim.o(i.TIM_ClearITPendingBit)
    TIM_Cmd                                  0x08001f35   Thumb Code    24  stm32f10x_tim.o(i.TIM_Cmd)
    TIM_CtrlPWMOutputs                       0x08001f4d   Thumb Code    30  stm32f10x_tim.o(i.TIM_CtrlPWMOutputs)
    TIM_DeInit                               0x08001f6d   Thumb Code   424  stm32f10x_tim.o(i.TIM_DeInit)
    TIM_EncoderInterfaceConfig               0x08002155   Thumb Code    66  stm32f10x_tim.o(i.TIM_EncoderInterfaceConfig)
    TIM_GetCounter                           0x08002197   Thumb Code     6  stm32f10x_tim.o(i.TIM_GetCounter)
    TIM_GetITStatus                          0x0800219d   Thumb Code    34  stm32f10x_tim.o(i.TIM_GetITStatus)
    TIM_ICInit                               0x080021c1   Thumb Code   150  stm32f10x_tim.o(i.TIM_ICInit)
    TIM_ICStructInit                         0x0800226d   Thumb Code    18  stm32f10x_tim.o(i.TIM_ICStructInit)
    TIM_ITConfig                             0x0800227f   Thumb Code    18  stm32f10x_tim.o(i.TIM_ITConfig)
    TIM_OC1Init                              0x08002291   Thumb Code   132  stm32f10x_tim.o(i.TIM_OC1Init)
    TIM_OC1PreloadConfig                     0x08002329   Thumb Code    18  stm32f10x_tim.o(i.TIM_OC1PreloadConfig)
    TIM_OC2Init                              0x0800233d   Thumb Code   154  stm32f10x_tim.o(i.TIM_OC2Init)
    TIM_OC2PreloadConfig                     0x080023e1   Thumb Code    26  stm32f10x_tim.o(i.TIM_OC2PreloadConfig)
    TIM_OC3Init                              0x080023fd   Thumb Code   150  stm32f10x_tim.o(i.TIM_OC3Init)
    TIM_OC3PreloadConfig                     0x0800249d   Thumb Code    18  stm32f10x_tim.o(i.TIM_OC3PreloadConfig)
    TIM_OC4Init                              0x080024b1   Thumb Code   114  stm32f10x_tim.o(i.TIM_OC4Init)
    TIM_OC4PreloadConfig                     0x0800252d   Thumb Code    26  stm32f10x_tim.o(i.TIM_OC4PreloadConfig)
    TIM_SetCompare1                          0x08002547   Thumb Code     4  stm32f10x_tim.o(i.TIM_SetCompare1)
    TIM_SetCompare2                          0x0800254b   Thumb Code     4  stm32f10x_tim.o(i.TIM_SetCompare2)
    TIM_SetCompare3                          0x0800254f   Thumb Code     4  stm32f10x_tim.o(i.TIM_SetCompare3)
    TIM_SetCompare4                          0x08002553   Thumb Code     6  stm32f10x_tim.o(i.TIM_SetCompare4)
    TIM_SetCounter                           0x08002559   Thumb Code     4  stm32f10x_tim.o(i.TIM_SetCounter)
    TIM_SetIC1Prescaler                      0x0800255d   Thumb Code    18  stm32f10x_tim.o(i.TIM_SetIC1Prescaler)
    TIM_SetIC2Prescaler                      0x0800256f   Thumb Code    26  stm32f10x_tim.o(i.TIM_SetIC2Prescaler)
    TIM_SetIC3Prescaler                      0x08002589   Thumb Code    18  stm32f10x_tim.o(i.TIM_SetIC3Prescaler)
    TIM_SetIC4Prescaler                      0x0800259b   Thumb Code    26  stm32f10x_tim.o(i.TIM_SetIC4Prescaler)
    TIM_TimeBaseInit                         0x080025b5   Thumb Code   122  stm32f10x_tim.o(i.TIM_TimeBaseInit)
    USART2_IRQHandler                        0x08002659   Thumb Code   170  usart.o(i.USART2_IRQHandler)
    USART3_IRQHandler                        0x08002715   Thumb Code   138  usart3.o(i.USART3_IRQHandler)
    USART_ClearFlag                          0x080027b1   Thumb Code    18  stm32f10x_usart.o(i.USART_ClearFlag)
    USART_Cmd                                0x080027c3   Thumb Code    24  stm32f10x_usart.o(i.USART_Cmd)
    USART_GetFlagStatus                      0x080027db   Thumb Code    26  stm32f10x_usart.o(i.USART_GetFlagStatus)
    USART_GetITStatus                        0x080027f5   Thumb Code    84  stm32f10x_usart.o(i.USART_GetITStatus)
    USART_ITConfig                           0x08002849   Thumb Code    74  stm32f10x_usart.o(i.USART_ITConfig)
    USART_Init                               0x08002895   Thumb Code   210  stm32f10x_usart.o(i.USART_Init)
    USART_ReceiveData                        0x0800296d   Thumb Code    10  stm32f10x_usart.o(i.USART_ReceiveData)
    USART_SendData                           0x08002977   Thumb Code     8  stm32f10x_usart.o(i.USART_SendData)
    UsageFault_Handler                       0x0800297f   Thumb Code     4  stm32f10x_it.o(i.UsageFault_Handler)
    odometry(int, int)                       0x08002985   Thumb Code   420  odometry.o(i._Z8odometryii)
    LED::init()                              0x08002b79   Thumb Code    76  led.o(i._ZN3LED4initEv)
    LED::revese()                            0x08002bcd   Thumb Code    46  led.o(i._ZN3LED6reveseEv)
    LED::LED(bool)                           0x08002c01   Thumb Code     4  led.o(i._ZN3LEDC1Eb)
    LED::LED__sub_object(bool)               0x08002c01   Thumb Code     0  led.o(i._ZN3LEDC1Eb)
    PID::compute(float, float)               0x08002c05   Thumb Code   360  pid.o(i._ZN3PID7computeEff)
    PID::PID(float, float, float, float, float) 0x08002d6d   Thumb Code    18  pid.o(i._ZN3PIDC1Efffff)
    PID::PID__sub_object(float, float, float, float, float) 0x08002d6d   Thumb Code     0  pid.o(i._ZN3PIDC1Efffff)
    TIME::init()                             0x08002d81   Thumb Code   174  time.o(i._ZN4TIME4initEv)
    TIME::TIME(Time_TypeDef, unsigned, unsigned) 0x08002e3d   Thumb Code     8  time.o(i._ZN4TIMEC1E12Time_TypeDefjj)
    TIME::TIME__sub_object(Time_TypeDef, unsigned, unsigned) 0x08002e3d   Thumb Code     0  time.o(i._ZN4TIMEC1E12Time_TypeDefjj)
    MOTOR::motor_pwm_init()                  0x08002e45   Thumb Code   254  motor.o(i._ZN5MOTOR14motor_pwm_initEv)
    MOTOR::init()                            0x08002f4d   Thumb Code   114  motor.o(i._ZN5MOTOR4initEv)
    MOTOR::setPWM(int)                       0x08002fd9   Thumb Code   168  motor.o(i._ZN5MOTOR6setPWMEi)
    MOTOR::MOTOR(Motor_TypeDef, unsigned, unsigned) 0x08003085   Thumb Code     8  motor.o(i._ZN5MOTORC1E13Motor_TypeDefjj)
    MOTOR::MOTOR__sub_object(Motor_TypeDef, unsigned, unsigned) 0x08003085   Thumb Code     0  motor.o(i._ZN5MOTORC1E13Motor_TypeDefjj)
    Battery::init()                          0x0800308d   Thumb Code   252  battery.o(i._ZN7Battery4initEv)
    Battery::filter()                        0x08003195   Thumb Code   150  battery.o(i._ZN7Battery6filterEv)
    Battery::get_volt()                      0x08003245   Thumb Code     6  battery.o(i._ZN7Battery8get_voltEv)
    Battery::Battery(float, float, float)    0x0800324b   Thumb Code     8  battery.o(i._ZN7BatteryC1Efff)
    Battery::Battery__sub_object(float, float, float) 0x0800324b   Thumb Code     0  battery.o(i._ZN7BatteryC1Efff)
    ENCODER::init()                          0x08003255   Thumb Code   322  encoder.o(i._ZN7ENCODER4initEv)
    ENCODER::read()                          0x080033b5   Thumb Code    92  encoder.o(i._ZN7ENCODER4readEv)
    ENCODER::get_PRM()                       0x0800341d   Thumb Code   114  encoder.o(i._ZN7ENCODER7get_PRMEv)
    ENCODER::ENCODER(Encoder_TypeDef, unsigned, unsigned, unsigned) 0x08003495   Thumb Code    22  encoder.o(i._ZN7ENCODERC1E15Encoder_TypeDefjjj)
    ENCODER::ENCODER__sub_object(Encoder_TypeDef, unsigned, unsigned, unsigned) 0x08003495   Thumb Code     0  encoder.o(i._ZN7ENCODERC1E15Encoder_TypeDefjjj)
    std::abs(float)                          0x080034ab   Thumb Code    10  main.o(i._ZSt3absf)
    __ARM_fpclassify                         0x080034b5   Thumb Code    40  fpclassify.o(i.__ARM_fpclassify)
    __ARM_fpclassifyf                        0x080034dd   Thumb Code    38  fpclassifyf.o(i.__ARM_fpclassifyf)
    __mathlib_flt_infnan                     0x08003503   Thumb Code     6  funder.o(i.__mathlib_flt_infnan)
    __mathlib_flt_invalid                    0x08003509   Thumb Code     8  funder.o(i.__mathlib_flt_invalid)
    __mathlib_flt_underflow                  0x08003511   Thumb Code    10  funder.o(i.__mathlib_flt_underflow)
    __mathlib_rredf2                         0x0800351d   Thumb Code   344  rredf.o(i.__mathlib_rredf2)
    _sys_exit                                0x0800376d   Thumb Code     4  usart.o(i._sys_exit)
    cosf                                     0x08003771   Thumb Code   328  cosf.o(i.cosf)
    fputc                                    0x080038ed   Thumb Code    24  usart.o(i.fputc)
    get_millis                               0x08003909   Thumb Code     6  millisecondtime.o(i.get_millis)
    initia_millisecondtime                   0x08003915   Thumb Code    90  millisecondtime.o(i.initia_millisecondtime)
    main                                     0x08003981   Thumb Code   860  main.o(i.main)
    sinf                                     0x08003e0d   Thumb Code   338  sinf.o(i.sinf)
    uart3_init                               0x08003f95   Thumb Code   244  usart3.o(i.uart3_init)
    uart_init                                0x08004099   Thumb Code   162  usart.o(i.uart_init)
    _get_lc_numeric                          0x08004145   Thumb Code    44  lc_numeric_c.o(locale$$code)
    __aeabi_d2f                              0x08004171   Thumb Code     0  d2f.o(x$fpl$d2f)
    _d2f                                     0x08004171   Thumb Code    98  d2f.o(x$fpl$d2f)
    __aeabi_dadd                             0x080041d5   Thumb Code     0  daddsub_clz.o(x$fpl$dadd)
    _dadd                                    0x080041d5   Thumb Code   332  daddsub_clz.o(x$fpl$dadd)
    __fpl_dcmp_Inf                           0x08004325   Thumb Code    24  dcmpi.o(x$fpl$dcmpinf)
    __aeabi_ddiv                             0x0800433d   Thumb Code     0  ddiv.o(x$fpl$ddiv)
    _ddiv                                    0x0800433d   Thumb Code   552  ddiv.o(x$fpl$ddiv)
    __aeabi_cdcmpeq                          0x080045ed   Thumb Code     0  deqf.o(x$fpl$deqf)
    _dcmpeq                                  0x080045ed   Thumb Code   120  deqf.o(x$fpl$deqf)
    __aeabi_i2d                              0x08004665   Thumb Code     0  dflt_clz.o(x$fpl$dflt)
    _dflt                                    0x08004665   Thumb Code    46  dflt_clz.o(x$fpl$dflt)
    __aeabi_ui2d                             0x08004693   Thumb Code     0  dflt_clz.o(x$fpl$dfltu)
    _dfltu                                   0x08004693   Thumb Code    38  dflt_clz.o(x$fpl$dfltu)
    __aeabi_cdcmple                          0x080046b9   Thumb Code     0  dleqf.o(x$fpl$dleqf)
    _dcmple                                  0x080046b9   Thumb Code   120  dleqf.o(x$fpl$dleqf)
    __fpl_dcmple_InfNaN                      0x0800471b   Thumb Code     0  dleqf.o(x$fpl$dleqf)
    __aeabi_dmul                             0x08004731   Thumb Code     0  dmul.o(x$fpl$dmul)
    _dmul                                    0x08004731   Thumb Code   332  dmul.o(x$fpl$dmul)
    __fpl_dnaninf                            0x08004885   Thumb Code   156  dnaninf.o(x$fpl$dnaninf)
    __fpl_dretinf                            0x08004921   Thumb Code    12  dretinf.o(x$fpl$dretinf)
    __aeabi_cdrcmple                         0x0800492d   Thumb Code     0  drleqf.o(x$fpl$drleqf)
    _drcmple                                 0x0800492d   Thumb Code   108  drleqf.o(x$fpl$drleqf)
    __aeabi_dsub                             0x08004999   Thumb Code     0  daddsub_clz.o(x$fpl$dsub)
    _dsub                                    0x08004999   Thumb Code   464  daddsub_clz.o(x$fpl$dsub)
    __aeabi_f2d                              0x08004b6d   Thumb Code     0  f2d.o(x$fpl$f2d)
    _f2d                                     0x08004b6d   Thumb Code    86  f2d.o(x$fpl$f2d)
    __aeabi_fadd                             0x08004bc5   Thumb Code     0  faddsub_clz.o(x$fpl$fadd)
    _fadd                                    0x08004bc5   Thumb Code   196  faddsub_clz.o(x$fpl$fadd)
    __fpl_fcheck_NaN1                        0x08004c89   Thumb Code     6  fcheck1.o(x$fpl$fcheck1)
    __fpl_fcmp_Inf                           0x08004c95   Thumb Code    24  fcmpi.o(x$fpl$fcmpinf)
    __aeabi_fdiv                             0x08004cad   Thumb Code     0  fdiv.o(x$fpl$fdiv)
    _fdiv                                    0x08004cad   Thumb Code   384  fdiv.o(x$fpl$fdiv)
    __aeabi_cfcmpeq                          0x08004e31   Thumb Code     0  feqf.o(x$fpl$feqf)
    _fcmpeq                                  0x08004e31   Thumb Code   104  feqf.o(x$fpl$feqf)
    __aeabi_f2iz                             0x08004e99   Thumb Code     0  ffix.o(x$fpl$ffix)
    _ffix                                    0x08004e99   Thumb Code    54  ffix.o(x$fpl$ffix)
    __aeabi_f2uiz                            0x08004ed1   Thumb Code     0  ffixu.o(x$fpl$ffixu)
    _ffixu                                   0x08004ed1   Thumb Code    62  ffixu.o(x$fpl$ffixu)
    __aeabi_i2f                              0x08004f11   Thumb Code     0  fflt_clz.o(x$fpl$fflt)
    _fflt                                    0x08004f11   Thumb Code    48  fflt_clz.o(x$fpl$fflt)
    __aeabi_ui2f                             0x08004f41   Thumb Code     0  fflt_clz.o(x$fpl$ffltu)
    _ffltu                                   0x08004f41   Thumb Code    38  fflt_clz.o(x$fpl$ffltu)
    __aeabi_cfcmple                          0x08004f69   Thumb Code     0  fleqf.o(x$fpl$fleqf)
    _fcmple                                  0x08004f69   Thumb Code   104  fleqf.o(x$fpl$fleqf)
    __fpl_fcmple_InfNaN                      0x08004fbb   Thumb Code     0  fleqf.o(x$fpl$fleqf)
    __aeabi_fmul                             0x08004fd1   Thumb Code     0  fmul.o(x$fpl$fmul)
    _fmul                                    0x08004fd1   Thumb Code   258  fmul.o(x$fpl$fmul)
    __fpl_fnaninf                            0x080050d3   Thumb Code   140  fnaninf.o(x$fpl$fnaninf)
    __fpl_fretinf                            0x0800515f   Thumb Code    10  fretinf.o(x$fpl$fretinf)
    __aeabi_cfrcmple                         0x08005169   Thumb Code     0  frleqf.o(x$fpl$frleqf)
    _frcmple                                 0x08005169   Thumb Code    98  frleqf.o(x$fpl$frleqf)
    _frnd                                    0x080051cd   Thumb Code    96  frnd.o(x$fpl$frnd)
    __aeabi_frsub                            0x0800522d   Thumb Code     0  faddsub_clz.o(x$fpl$frsb)
    _frsb                                    0x0800522d   Thumb Code    20  faddsub_clz.o(x$fpl$frsb)
    __aeabi_fsub                             0x08005241   Thumb Code     0  faddsub_clz.o(x$fpl$fsub)
    _fsub                                    0x08005241   Thumb Code   234  faddsub_clz.o(x$fpl$fsub)
    _printf_fp_dec                           0x0800532b   Thumb Code     4  printf1.o(x$fpl$printf1)
    __fpl_return_NaN                         0x0800532f   Thumb Code   100  retnan.o(x$fpl$retnan)
    __ARM_scalbnf                            0x08005393   Thumb Code    76  scalbnf.o(x$fpl$scalbnf)
    __fpl_cmpreturn                          0x080053df   Thumb Code    48  trapv.o(x$fpl$trapveneer)
    __I$use$fp                               0x0800540e   Number         0  usenofp.o(x$fpl$usenofp)
    Region$$Table$$Base                      0x0800550c   Number         0  anon$$obj.o(Region$$Table)
    Region$$Table$$Limit                     0x0800552c   Number         0  anon$$obj.o(Region$$Table)
    SHT$$INIT_ARRAY$$Base                    0x08005548   Number         0  main.o(.init_array)
    SHT$$INIT_ARRAY$$Limit                   0x0800554c   Number         0  init_aeabi.o(.init_array)
    SystemCoreClock                          0x20000000   Data           4  system_stm32f10x.o(.data)
    AHBPrescTable                            0x20000004   Data          16  system_stm32f10x.o(.data)
    odometry_send_sta                        0x20000014   Data           1  main.o(.data)
    odometry_calculate_sta                   0x20000015   Data           1  main.o(.data)
    speed_too_fast_num                       0x20000016   Data           2  main.o(.data)
    speed_set                                0x20000018   Data           1  main.o(.data)
    noisy_k                                  0x2000001c   Data           4  main.o(.data)
    leftdata                                 0x20000020   Data           4  main.o(.data)
    rightdata                                0x20000024   Data           4  main.o(.data)
    x_data                                   0x20000028   Data           4  main.o(.data)
    y_data                                   0x2000002c   Data           4  main.o(.data)
    theta_data                               0x20000030   Data           4  main.o(.data)
    vel_linear                               0x20000034   Data           4  main.o(.data)
    vel_angular                              0x20000038   Data           4  main.o(.data)
    left_speed                               0x2000003c   Data           4  main.o(.data)
    right_speed                              0x20000040   Data           4  main.o(.data)
    g_fcar_battery                           0x20000044   Data           4  main.o(.data)
    left_aim_speed                           0x20000048   Data           4  main.o(.data)
    right_aim_speed                          0x2000004c   Data           4  main.o(.data)
    left_pid_pwm                             0x20000050   Data           4  main.o(.data)
    right_pid_pwm                            0x20000054   Data           4  main.o(.data)
    led_blue                                 0x20000058   Data           1  main.o(.data)
    __stdout                                 0x20000070   Data           4  usart.o(.data)
    USART_RX_STA                             0x20000074   Data           2  usart.o(.data)
    receive_speed_sta                        0x20000076   Data           1  usart.o(.data)
    MOTOR_PWMA_PORT                          0x20000078   Data           8  motor.o(.data)
    MOTOR_PWMB_PORT                          0x20000080   Data           8  motor.o(.data)
    MOTOR_PWM_TIM                            0x20000088   Data           8  motor.o(.data)
    TIM3_update                              0x20000090   Data           1  encoder.o(.data)
    ecoder1_irqn_num                         0x20000094   Data           4  encoder.o(.data)
    ecoder2_irqn_num                         0x20000098   Data           4  encoder.o(.data)
    ENCODER_PORT                             0x2000009c   Data           8  encoder.o(.data)
    ENCODER_TIM                              0x200000a4   Data           8  encoder.o(.data)
    _counter                                 0x200000ac   Data           4  millisecondtime.o(.data)
    UI_send_status                           0x200000b0   Data           1  millisecondtime.o(.data)
    speed_update                             0x200000b1   Data           1  millisecondtime.o(.data)
    battery_update                           0x200000b2   Data           1  millisecondtime.o(.data)
    TIME_TIM                                 0x200000b8   Data           8  time.o(.data)
    Usart3_Receive                           0x200000c0   Data           1  usart3.o(.data)
    USART3_RX_STA                            0x200000c2   Data           2  usart3.o(.data)
    g_fdelta_time                            0x200000c4   Data           4  odometry.o(.data)
    g_fdelta_frquency                        0x200000c8   Data           4  odometry.o(.data)
    g_fwheel_interval                        0x200000cc   Data           4  odometry.o(.data)
    g_fwheel_diameter                        0x200000d0   Data           4  odometry.o(.data)
    g_fposition_x                            0x200000d4   Data           4  odometry.o(.data)
    g_fposition_y                            0x200000d8   Data           4  odometry.o(.data)
    g_foriention                             0x200000dc   Data           4  odometry.o(.data)
    g_fvelocity_linear                       0x200000e0   Data           4  odometry.o(.data)
    g_velocity_angular                       0x200000e4   Data           4  odometry.o(.data)
    g_fsin                                   0x200000e8   Data           4  odometry.o(.data)
    g_fcos                                   0x200000ec   Data           4  odometry.o(.data)
    g_fdelta_distance                        0x200000f0   Data           4  odometry.o(.data)
    g_fdelta_oriention                       0x200000f4   Data           4  odometry.o(.data)
    g_fconst_frame                           0x200000f8   Data           4  odometry.o(.data)
    g_fconst_angle                           0x200000fc   Data           4  odometry.o(.data)
    g_fcar_oriention                         0x20000100   Data           4  odometry.o(.data)
    g_cIsfirst                               0x20000104   Data           1  odometry.o(.data)
    odometry_data                            0x20000108   Data          21  main.o(.bss)
    right_motor                              0x20000120   Data          12  main.o(.bss)
    left_motor                               0x2000012c   Data          12  main.o(.bss)
    left_motor_pid                           0x20000138   Data          48  main.o(.bss)
    right_motor_pid                          0x20000168   Data          48  main.o(.bss)
    right_encoder                            0x20000198   Data          36  main.o(.bss)
    left_encoder                             0x200001bc   Data          36  main.o(.bss)
    battery                                  0x200001e0   Data          20  main.o(.bss)
    timing_tim1                              0x200001f4   Data          12  main.o(.bss)
    timing_tim4                              0x20000200   Data          12  main.o(.bss)
    USART_RX_BUF                             0x2000020c   Data         200  usart.o(.bss)
    USART3_RX_BUF                            0x20000338   Data         200  usart3.o(.bss)
    __libspace_start                         0x20000400   Data          96  libspace.o(.bss)
    __temporary_stack_top$libspace           0x20000460   Data           0  libspace.o(.bss)



==============================================================================

Memory Map of the image

  Image Entry point : 0x08000131

  Load Region LR_IROM1 (Base: 0x08000000, Size: 0x00005654, Max: 0x00080000, ABSOLUTE)

    Execution Region ER_IROM1 (Exec base: 0x08000000, Load base: 0x08000000, Size: 0x0000554c, Max: 0x00080000, ABSOLUTE)

    Exec Addr    Load Addr    Size         Type   Attr      Idx    E Section Name        Object

    0x08000000   0x08000000   0x00000130   Data   RO          289    RESET               startup_stm32f10x_hd.o
    0x08000130   0x08000130   0x00000008   Code   RO         2180  * !!!main             c_w.l(__main.o)
    0x08000138   0x08000138   0x00000034   Code   RO         2524    !!!scatter          c_w.l(__scatter.o)
    0x0800016c   0x0800016c   0x0000001a   Code   RO         2526    !!handler_copy      c_w.l(__scatter_copy.o)
    0x08000186   0x08000186   0x00000002   PAD
    0x08000188   0x08000188   0x0000001c   Code   RO         2528    !!handler_zi        c_w.l(__scatter_zi.o)
    0x080001a4   0x080001a4   0x00000000   Code   RO         2175    .ARM.Collect$$_printf_percent$$00000000  c_w.l(_printf_percent.o)
    0x080001a4   0x080001a4   0x00000006   Code   RO         2174    .ARM.Collect$$_printf_percent$$00000003  c_w.l(_printf_f.o)
    0x080001aa   0x080001aa   0x00000006   Code   RO         2173    .ARM.Collect$$_printf_percent$$00000009  c_w.l(_printf_d.o)
    0x080001b0   0x080001b0   0x00000004   Code   RO         2277    .ARM.Collect$$_printf_percent$$00000017  c_w.l(_printf_percent_end.o)
    0x080001b4   0x080001b4   0x00000002   Code   RO         2448    .ARM.Collect$$libinit$$00000000  c_w.l(libinit.o)
    0x080001b6   0x080001b6   0x00000000   Code   RO         2279    .ARM.Collect$$libinit$$00000002  c_w.l(libinit2.o)
    0x080001b6   0x080001b6   0x00000000   Code   RO         2281    .ARM.Collect$$libinit$$00000004  c_w.l(libinit2.o)
    0x080001b6   0x080001b6   0x00000000   Code   RO         2284    .ARM.Collect$$libinit$$0000000A  c_w.l(libinit2.o)
    0x080001b6   0x080001b6   0x00000000   Code   RO         2286    .ARM.Collect$$libinit$$0000000C  c_w.l(libinit2.o)
    0x080001b6   0x080001b6   0x00000000   Code   RO         2288    .ARM.Collect$$libinit$$0000000E  c_w.l(libinit2.o)
    0x080001b6   0x080001b6   0x00000006   Code   RO         2289    .ARM.Collect$$libinit$$0000000F  c_w.l(libinit2.o)
    0x080001bc   0x080001bc   0x00000000   Code   RO         2291    .ARM.Collect$$libinit$$00000011  c_w.l(libinit2.o)
    0x080001bc   0x080001bc   0x00000000   Code   RO         2293    .ARM.Collect$$libinit$$00000013  c_w.l(libinit2.o)
    0x080001bc   0x080001bc   0x00000000   Code   RO         2295    .ARM.Collect$$libinit$$00000015  c_w.l(libinit2.o)
    0x080001bc   0x080001bc   0x0000000a   Code   RO         2296    .ARM.Collect$$libinit$$00000016  c_w.l(libinit2.o)
    0x080001c6   0x080001c6   0x00000000   Code   RO         2297    .ARM.Collect$$libinit$$00000017  c_w.l(libinit2.o)
    0x080001c6   0x080001c6   0x00000000   Code   RO         2299    .ARM.Collect$$libinit$$00000019  c_w.l(libinit2.o)
    0x080001c6   0x080001c6   0x00000000   Code   RO         2301    .ARM.Collect$$libinit$$0000001B  c_w.l(libinit2.o)
    0x080001c6   0x080001c6   0x00000000   Code   RO         2303    .ARM.Collect$$libinit$$0000001D  c_w.l(libinit2.o)
    0x080001c6   0x080001c6   0x00000000   Code   RO         2305    .ARM.Collect$$libinit$$0000001F  c_w.l(libinit2.o)
    0x080001c6   0x080001c6   0x00000000   Code   RO         2307    .ARM.Collect$$libinit$$00000021  c_w.l(libinit2.o)
    0x080001c6   0x080001c6   0x00000000   Code   RO         2309    .ARM.Collect$$libinit$$00000023  c_w.l(libinit2.o)
    0x080001c6   0x080001c6   0x00000000   Code   RO         2311    .ARM.Collect$$libinit$$00000025  c_w.l(libinit2.o)
    0x080001c6   0x080001c6   0x00000000   Code   RO         2315    .ARM.Collect$$libinit$$0000002C  c_w.l(libinit2.o)
    0x080001c6   0x080001c6   0x00000000   Code   RO         2317    .ARM.Collect$$libinit$$0000002E  c_w.l(libinit2.o)
    0x080001c6   0x080001c6   0x00000000   Code   RO         2319    .ARM.Collect$$libinit$$00000030  c_w.l(libinit2.o)
    0x080001c6   0x080001c6   0x00000004   Code   RO         2320    .ARM.Collect$$libinit$$00000031  c_w.l(libinit2.o)
    0x080001ca   0x080001ca   0x00000000   Code   RO         2321    .ARM.Collect$$libinit$$00000032  c_w.l(libinit2.o)
    0x080001ca   0x080001ca   0x00000002   Code   RO         2322    .ARM.Collect$$libinit$$00000033  c_w.l(libinit2.o)
    0x080001cc   0x080001cc   0x00000002   Code   RO         2485    .ARM.Collect$$libshutdown$$00000000  c_w.l(libshutdown.o)
    0x080001ce   0x080001ce   0x00000000   Code   RO         2491    .ARM.Collect$$libshutdown$$00000002  c_w.l(libshutdown2.o)
    0x080001ce   0x080001ce   0x00000000   Code   RO         2493    .ARM.Collect$$libshutdown$$00000004  c_w.l(libshutdown2.o)
    0x080001ce   0x080001ce   0x00000000   Code   RO         2496    .ARM.Collect$$libshutdown$$00000007  c_w.l(libshutdown2.o)
    0x080001ce   0x080001ce   0x00000000   Code   RO         2499    .ARM.Collect$$libshutdown$$0000000A  c_w.l(libshutdown2.o)
    0x080001ce   0x080001ce   0x00000000   Code   RO         2501    .ARM.Collect$$libshutdown$$0000000C  c_w.l(libshutdown2.o)
    0x080001ce   0x080001ce   0x00000000   Code   RO         2504    .ARM.Collect$$libshutdown$$0000000F  c_w.l(libshutdown2.o)
    0x080001ce   0x080001ce   0x00000002   Code   RO         2505    .ARM.Collect$$libshutdown$$00000010  c_w.l(libshutdown2.o)
    0x080001d0   0x080001d0   0x00000000   Code   RO         2268    .ARM.Collect$$rtentry$$00000000  c_w.l(__rtentry.o)
    0x080001d0   0x080001d0   0x00000000   Code   RO         2358    .ARM.Collect$$rtentry$$00000002  c_w.l(__rtentry2.o)
    0x080001d0   0x080001d0   0x00000006   Code   RO         2370    .ARM.Collect$$rtentry$$00000004  c_w.l(__rtentry4.o)
    0x080001d6   0x080001d6   0x00000000   Code   RO         2360    .ARM.Collect$$rtentry$$00000009  c_w.l(__rtentry2.o)
    0x080001d6   0x080001d6   0x00000004   Code   RO         2361    .ARM.Collect$$rtentry$$0000000A  c_w.l(__rtentry2.o)
    0x080001da   0x080001da   0x00000000   Code   RO         2363    .ARM.Collect$$rtentry$$0000000C  c_w.l(__rtentry2.o)
    0x080001da   0x080001da   0x00000008   Code   RO         2364    .ARM.Collect$$rtentry$$0000000D  c_w.l(__rtentry2.o)
    0x080001e2   0x080001e2   0x00000002   Code   RO         2453    .ARM.Collect$$rtexit$$00000000  c_w.l(rtexit.o)
    0x080001e4   0x080001e4   0x00000000   Code   RO         2465    .ARM.Collect$$rtexit$$00000002  c_w.l(rtexit2.o)
    0x080001e4   0x080001e4   0x00000004   Code   RO         2466    .ARM.Collect$$rtexit$$00000003  c_w.l(rtexit2.o)
    0x080001e8   0x080001e8   0x00000006   Code   RO         2467    .ARM.Collect$$rtexit$$00000004  c_w.l(rtexit2.o)
    0x080001ee   0x080001ee   0x00000002   PAD
    0x080001f0   0x080001f0   0x00000040   Code   RO          290    .text               startup_stm32f10x_hd.o
    0x08000230   0x08000230   0x00000002   Code   RO         2143    .text               c_w.l(use_no_semi_2.o)
    0x08000232   0x08000232   0x00000002   PAD
    0x08000234   0x08000234   0x00000018   Code   RO         2147    .text               c_w.l(noretval__2printf.o)
    0x0800024c   0x0800024c   0x00000068   Code   RO         2149    .text               c_w.l(__printf.o)
    0x080002b4   0x080002b4   0x00000078   Code   RO         2151    .text               c_w.l(_printf_dec.o)
    0x0800032c   0x0800032c   0x00000080   Code   RO         2176    .text               c_w.l(strcmpv7m.o)
    0x080003ac   0x080003ac   0x00000006   Code   RO         2178    .text               c_w.l(heapauxi.o)
    0x080003b2   0x080003b2   0x00000002   PAD
    0x080003b4   0x080003b4   0x00000024   Code   RO         2185    .text               c_w.l(init_aeabi.o)
    0x080003d8   0x080003d8   0x00000002   Code   RO         2266    .text               c_w.l(use_no_semi.o)
    0x080003da   0x080003da   0x00000016   Code   RO         2269    .text               c_w.l(_rserrno.o)
    0x080003f0   0x080003f0   0x000000b2   Code   RO         2271    .text               c_w.l(_printf_intcommon.o)
    0x080004a2   0x080004a2   0x0000041e   Code   RO         2273    .text               c_w.l(_printf_fp_dec.o)
    0x080008c0   0x080008c0   0x00000024   Code   RO         2275    .text               c_w.l(_printf_char_file.o)
    0x080008e4   0x080008e4   0x00000008   Code   RO         2375    .text               c_w.l(rt_locale_intlibspace.o)
    0x080008ec   0x080008ec   0x00000008   Code   RO         2380    .text               c_w.l(rt_errno_addr_intlibspace.o)
    0x080008f4   0x080008f4   0x0000008a   Code   RO         2382    .text               c_w.l(lludiv10.o)
    0x0800097e   0x0800097e   0x00000002   PAD
    0x08000980   0x08000980   0x00000030   Code   RO         2384    .text               c_w.l(_printf_char_common.o)
    0x080009b0   0x080009b0   0x00000080   Code   RO         2386    .text               c_w.l(_printf_fp_infnan.o)
    0x08000a30   0x08000a30   0x000000e4   Code   RO         2388    .text               c_w.l(bigflt0.o)
    0x08000b14   0x08000b14   0x00000008   Code   RO         2413    .text               c_w.l(ferror.o)
    0x08000b1c   0x08000b1c   0x00000008   Code   RO         2430    .text               c_w.l(libspace.o)
    0x08000b24   0x08000b24   0x0000004a   Code   RO         2433    .text               c_w.l(sys_stackheap_outer.o)
    0x08000b6e   0x08000b6e   0x00000012   Code   RO         2437    .text               c_w.l(exit.o)
    0x08000b80   0x08000b80   0x0000003e   Code   RO         2391    CL$$btod_d2e        c_w.l(btod.o)
    0x08000bbe   0x08000bbe   0x00000046   Code   RO         2393    CL$$btod_d2e_denorm_low  c_w.l(btod.o)
    0x08000c04   0x08000c04   0x00000060   Code   RO         2392    CL$$btod_d2e_norm_op1  c_w.l(btod.o)
    0x08000c64   0x08000c64   0x00000338   Code   RO         2401    CL$$btod_div_common  c_w.l(btod.o)
    0x08000f9c   0x08000f9c   0x000000dc   Code   RO         2398    CL$$btod_e2e        c_w.l(btod.o)
    0x08001078   0x08001078   0x0000002a   Code   RO         2395    CL$$btod_ediv       c_w.l(btod.o)
    0x080010a2   0x080010a2   0x0000002a   Code   RO         2394    CL$$btod_emul       c_w.l(btod.o)
    0x080010cc   0x080010cc   0x00000244   Code   RO         2400    CL$$btod_mult_common  c_w.l(btod.o)
    0x08001310   0x08001310   0x00000016   Code   RO          356    i.ADC_Cmd           stm32f10x_adc.o
    0x08001326   0x08001326   0x00000016   Code   RO          357    i.ADC_DMACmd        stm32f10x_adc.o
    0x0800133c   0x0800133c   0x00000014   Code   RO          364    i.ADC_GetCalibrationStatus  stm32f10x_adc.o
    0x08001350   0x08001350   0x00000014   Code   RO          370    i.ADC_GetResetCalibrationStatus  stm32f10x_adc.o
    0x08001364   0x08001364   0x00000050   Code   RO          374    i.ADC_Init          stm32f10x_adc.o
    0x080013b4   0x080013b4   0x000000b8   Code   RO          378    i.ADC_RegularChannelConfig  stm32f10x_adc.o
    0x0800146c   0x0800146c   0x0000000a   Code   RO          379    i.ADC_ResetCalibration  stm32f10x_adc.o
    0x08001476   0x08001476   0x00000016   Code   RO          381    i.ADC_SoftwareStartConvCmd  stm32f10x_adc.o
    0x0800148c   0x0800148c   0x0000000a   Code   RO          383    i.ADC_StartCalibration  stm32f10x_adc.o
    0x08001496   0x08001496   0x00000004   Code   RO            1    i.BusFault_Handler  stm32f10x_it.o
    0x0800149a   0x0800149a   0x00000018   Code   RO          574    i.DMA_Cmd           stm32f10x_dma.o
    0x080014b2   0x080014b2   0x00000002   PAD
    0x080014b4   0x080014b4   0x0000014c   Code   RO          575    i.DMA_DeInit        stm32f10x_dma.o
    0x08001600   0x08001600   0x0000003c   Code   RO          580    i.DMA_Init          stm32f10x_dma.o
    0x0800163c   0x0800163c   0x00000002   Code   RO            2    i.DebugMon_Handler  stm32f10x_it.o
    0x0800163e   0x0800163e   0x00000116   Code   RO          650    i.GPIO_Init         stm32f10x_gpio.o
    0x08001754   0x08001754   0x00000004   Code   RO            3    i.HardFault_Handler  stm32f10x_it.o
    0x08001758   0x08001758   0x00000004   Code   RO            4    i.MemManage_Handler  stm32f10x_it.o
    0x0800175c   0x0800175c   0x00000002   Code   RO            5    i.NMI_Handler       stm32f10x_it.o
    0x0800175e   0x0800175e   0x00000002   PAD
    0x08001760   0x08001760   0x00000070   Code   RO          294    i.NVIC_Init         misc.o
    0x080017d0   0x080017d0   0x00000014   Code   RO          295    i.NVIC_PriorityGroupConfig  misc.o
    0x080017e4   0x080017e4   0x00000002   Code   RO            6    i.PendSV_Handler    stm32f10x_it.o
    0x080017e6   0x080017e6   0x00000002   PAD
    0x080017e8   0x080017e8   0x00000018   Code   RO         1486    i.RCC_ADCCLKConfig  stm32f10x_rcc.o
    0x08001800   0x08001800   0x00000020   Code   RO         1487    i.RCC_AHBPeriphClockCmd  stm32f10x_rcc.o
    0x08001820   0x08001820   0x00000020   Code   RO         1488    i.RCC_APB1PeriphClockCmd  stm32f10x_rcc.o
    0x08001840   0x08001840   0x00000020   Code   RO         1489    i.RCC_APB1PeriphResetCmd  stm32f10x_rcc.o
    0x08001860   0x08001860   0x00000020   Code   RO         1490    i.RCC_APB2PeriphClockCmd  stm32f10x_rcc.o
    0x08001880   0x08001880   0x00000020   Code   RO         1491    i.RCC_APB2PeriphResetCmd  stm32f10x_rcc.o
    0x080018a0   0x080018a0   0x000000dc   Code   RO         1498    i.RCC_GetClocksFreq  stm32f10x_rcc.o
    0x0800197c   0x0800197c   0x00000002   Code   RO            7    i.SVC_Handler       stm32f10x_it.o
    0x0800197e   0x0800197e   0x00000008   Code   RO           98    i.SetSysClock       system_stm32f10x.o
    0x08001986   0x08001986   0x00000002   PAD
    0x08001988   0x08001988   0x000000e0   Code   RO           99    i.SetSysClockTo72   system_stm32f10x.o
    0x08001a68   0x08001a68   0x00000048   Code   RO         1917    i.SysTick_Handler   millisecondtime.o
    0x08001ab0   0x08001ab0   0x00000060   Code   RO          101    i.SystemInit        system_stm32f10x.o
    0x08001b10   0x08001b10   0x00000080   Code   RO          758    i.TI1_Config        stm32f10x_tim.o
    0x08001b90   0x08001b90   0x00000098   Code   RO          759    i.TI2_Config        stm32f10x_tim.o
    0x08001c28   0x08001c28   0x00000090   Code   RO          760    i.TI3_Config        stm32f10x_tim.o
    0x08001cb8   0x08001cb8   0x00000098   Code   RO          761    i.TI4_Config        stm32f10x_tim.o
    0x08001d50   0x08001d50   0x000000c0   Code   RO          132    i.TIM1_UP_IRQHandler  main.o
    0x08001e10   0x08001e10   0x00000050   Code   RO         1851    i.TIM3_IRQHandler   encoder.o
    0x08001e60   0x08001e60   0x0000006c   Code   RO          133    i.TIM4_IRQHandler   main.o
    0x08001ecc   0x08001ecc   0x00000044   Code   RO         1852    i.TIM5_IRQHandler   encoder.o
    0x08001f10   0x08001f10   0x00000018   Code   RO          762    i.TIM_ARRPreloadConfig  stm32f10x_tim.o
    0x08001f28   0x08001f28   0x00000006   Code   RO          768    i.TIM_ClearFlag     stm32f10x_tim.o
    0x08001f2e   0x08001f2e   0x00000006   Code   RO          769    i.TIM_ClearITPendingBit  stm32f10x_tim.o
    0x08001f34   0x08001f34   0x00000018   Code   RO          774    i.TIM_Cmd           stm32f10x_tim.o
    0x08001f4c   0x08001f4c   0x0000001e   Code   RO          776    i.TIM_CtrlPWMOutputs  stm32f10x_tim.o
    0x08001f6a   0x08001f6a   0x00000002   PAD
    0x08001f6c   0x08001f6c   0x000001e8   Code   RO          779    i.TIM_DeInit        stm32f10x_tim.o
    0x08002154   0x08002154   0x00000042   Code   RO          783    i.TIM_EncoderInterfaceConfig  stm32f10x_tim.o
    0x08002196   0x08002196   0x00000006   Code   RO          793    i.TIM_GetCounter    stm32f10x_tim.o
    0x0800219c   0x0800219c   0x00000022   Code   RO          795    i.TIM_GetITStatus   stm32f10x_tim.o
    0x080021be   0x080021be   0x00000002   PAD
    0x080021c0   0x080021c0   0x000000ac   Code   RO          797    i.TIM_ICInit        stm32f10x_tim.o
    0x0800226c   0x0800226c   0x00000012   Code   RO          798    i.TIM_ICStructInit  stm32f10x_tim.o
    0x0800227e   0x0800227e   0x00000012   Code   RO          799    i.TIM_ITConfig      stm32f10x_tim.o
    0x08002290   0x08002290   0x00000098   Code   RO          803    i.TIM_OC1Init       stm32f10x_tim.o
    0x08002328   0x08002328   0x00000012   Code   RO          806    i.TIM_OC1PreloadConfig  stm32f10x_tim.o
    0x0800233a   0x0800233a   0x00000002   PAD
    0x0800233c   0x0800233c   0x000000a4   Code   RO          808    i.TIM_OC2Init       stm32f10x_tim.o
    0x080023e0   0x080023e0   0x0000001a   Code   RO          811    i.TIM_OC2PreloadConfig  stm32f10x_tim.o
    0x080023fa   0x080023fa   0x00000002   PAD
    0x080023fc   0x080023fc   0x000000a0   Code   RO          813    i.TIM_OC3Init       stm32f10x_tim.o
    0x0800249c   0x0800249c   0x00000012   Code   RO          816    i.TIM_OC3PreloadConfig  stm32f10x_tim.o
    0x080024ae   0x080024ae   0x00000002   PAD
    0x080024b0   0x080024b0   0x0000007c   Code   RO          818    i.TIM_OC4Init       stm32f10x_tim.o
    0x0800252c   0x0800252c   0x0000001a   Code   RO          820    i.TIM_OC4PreloadConfig  stm32f10x_tim.o
    0x08002546   0x08002546   0x00000004   Code   RO          835    i.TIM_SetCompare1   stm32f10x_tim.o
    0x0800254a   0x0800254a   0x00000004   Code   RO          836    i.TIM_SetCompare2   stm32f10x_tim.o
    0x0800254e   0x0800254e   0x00000004   Code   RO          837    i.TIM_SetCompare3   stm32f10x_tim.o
    0x08002552   0x08002552   0x00000006   Code   RO          838    i.TIM_SetCompare4   stm32f10x_tim.o
    0x08002558   0x08002558   0x00000004   Code   RO          839    i.TIM_SetCounter    stm32f10x_tim.o
    0x0800255c   0x0800255c   0x00000012   Code   RO          840    i.TIM_SetIC1Prescaler  stm32f10x_tim.o
    0x0800256e   0x0800256e   0x0000001a   Code   RO          841    i.TIM_SetIC2Prescaler  stm32f10x_tim.o
    0x08002588   0x08002588   0x00000012   Code   RO          842    i.TIM_SetIC3Prescaler  stm32f10x_tim.o
    0x0800259a   0x0800259a   0x0000001a   Code   RO          843    i.TIM_SetIC4Prescaler  stm32f10x_tim.o
    0x080025b4   0x080025b4   0x000000a4   Code   RO          845    i.TIM_TimeBaseInit  stm32f10x_tim.o
    0x08002658   0x08002658   0x000000bc   Code   RO         1746    i.USART2_IRQHandler  usart.o
    0x08002714   0x08002714   0x0000009c   Code   RO         2087    i.USART3_IRQHandler  usart3.o
    0x080027b0   0x080027b0   0x00000012   Code   RO         1306    i.USART_ClearFlag   stm32f10x_usart.o
    0x080027c2   0x080027c2   0x00000018   Code   RO         1310    i.USART_Cmd         stm32f10x_usart.o
    0x080027da   0x080027da   0x0000001a   Code   RO         1313    i.USART_GetFlagStatus  stm32f10x_usart.o
    0x080027f4   0x080027f4   0x00000054   Code   RO         1314    i.USART_GetITStatus  stm32f10x_usart.o
    0x08002848   0x08002848   0x0000004a   Code   RO         1316    i.USART_ITConfig    stm32f10x_usart.o
    0x08002892   0x08002892   0x00000002   PAD
    0x08002894   0x08002894   0x000000d8   Code   RO         1317    i.USART_Init        stm32f10x_usart.o
    0x0800296c   0x0800296c   0x0000000a   Code   RO         1324    i.USART_ReceiveData  stm32f10x_usart.o
    0x08002976   0x08002976   0x00000008   Code   RO         1327    i.USART_SendData    stm32f10x_usart.o
    0x0800297e   0x0800297e   0x00000004   Code   RO            8    i.UsageFault_Handler  stm32f10x_it.o
    0x08002982   0x08002982   0x00000002   PAD
    0x08002984   0x08002984   0x000001f4   Code   RO         2112    i._Z8odometryii     odometry.o
    0x08002b78   0x08002b78   0x00000054   Code   RO         1787    i._ZN3LED4initEv    led.o
    0x08002bcc   0x08002bcc   0x00000034   Code   RO         1789    i._ZN3LED6reveseEv  led.o
    0x08002c00   0x08002c00   0x00000004   Code   RO         1790    i._ZN3LEDC1Eb       led.o
    0x08002c04   0x08002c04   0x00000168   Code   RO         1994    i._ZN3PID7computeEff  pid.o
    0x08002d6c   0x08002d6c   0x00000012   Code   RO         1995    i._ZN3PIDC1Efffff   pid.o
    0x08002d7e   0x08002d7e   0x00000002   PAD
    0x08002d80   0x08002d80   0x000000bc   Code   RO         2065    i._ZN4TIME4initEv   time.o
    0x08002e3c   0x08002e3c   0x00000008   Code   RO         2066    i._ZN4TIMEC1E12Time_TypeDefjj  time.o
    0x08002e44   0x08002e44   0x00000108   Code   RO         1817    i._ZN5MOTOR14motor_pwm_initEv  motor.o
    0x08002f4c   0x08002f4c   0x0000008c   Code   RO         1818    i._ZN5MOTOR4initEv  motor.o
    0x08002fd8   0x08002fd8   0x000000ac   Code   RO         1819    i._ZN5MOTOR6setPWMEi  motor.o
    0x08003084   0x08003084   0x00000008   Code   RO         1820    i._ZN5MOTORC1E13Motor_TypeDefjj  motor.o
    0x0800308c   0x0800308c   0x00000108   Code   RO         2023    i._ZN7Battery4initEv  battery.o
    0x08003194   0x08003194   0x000000b0   Code   RO         2024    i._ZN7Battery6filterEv  battery.o
    0x08003244   0x08003244   0x00000006   Code   RO         2025    i._ZN7Battery8get_voltEv  battery.o
    0x0800324a   0x0800324a   0x00000008   Code   RO         2026    i._ZN7BatteryC1Efff  battery.o
    0x08003252   0x08003252   0x00000002   PAD
    0x08003254   0x08003254   0x00000160   Code   RO         1854    i._ZN7ENCODER4initEv  encoder.o
    0x080033b4   0x080033b4   0x00000068   Code   RO         1855    i._ZN7ENCODER4readEv  encoder.o
    0x0800341c   0x0800341c   0x00000078   Code   RO         1856    i._ZN7ENCODER7get_PRMEv  encoder.o
    0x08003494   0x08003494   0x00000016   Code   RO         1858    i._ZN7ENCODERC1E15Encoder_TypeDefjjj  encoder.o
    0x080034aa   0x080034aa   0x0000000a   Code   RO          164    i._ZSt3absf         main.o
    0x080034b4   0x080034b4   0x00000028   Code   RO         2428    i.__ARM_fpclassify  m_ws.l(fpclassify.o)
    0x080034dc   0x080034dc   0x00000026   Code   RO         2338    i.__ARM_fpclassifyf  m_ws.l(fpclassifyf.o)
    0x08003502   0x08003502   0x00000006   Code   RO         2341    i.__mathlib_flt_infnan  m_ws.l(funder.o)
    0x08003508   0x08003508   0x00000008   Code   RO         2343    i.__mathlib_flt_invalid  m_ws.l(funder.o)
    0x08003510   0x08003510   0x0000000a   Code   RO         2346    i.__mathlib_flt_underflow  m_ws.l(funder.o)
    0x0800351a   0x0800351a   0x00000002   PAD
    0x0800351c   0x0800351c   0x00000168   Code   RO         2354    i.__mathlib_rredf2  m_ws.l(rredf.o)
    0x08003684   0x08003684   0x000000e8   Code   RO          134    i.__sti___8_main_cpp_98225b3c  main.o
    0x0800376c   0x0800376c   0x00000004   Code   RO         1747    i._sys_exit         usart.o
    0x08003770   0x08003770   0x0000017c   Code   RO         2251    i.cosf              m_ws.l(cosf.o)
    0x080038ec   0x080038ec   0x0000001c   Code   RO         1748    i.fputc             usart.o
    0x08003908   0x08003908   0x0000000c   Code   RO         1919    i.get_millis        millisecondtime.o
    0x08003914   0x08003914   0x0000006c   Code   RO         1920    i.initia_millisecondtime  millisecondtime.o
    0x08003980   0x08003980   0x0000048c   Code   RO          135    i.main              main.o
    0x08003e0c   0x08003e0c   0x00000188   Code   RO         2259    i.sinf              m_ws.l(sinf.o)
    0x08003f94   0x08003f94   0x00000104   Code   RO         2088    i.uart3_init        usart3.o
    0x08004098   0x08004098   0x000000ac   Code   RO         1749    i.uart_init         usart.o
    0x08004144   0x08004144   0x0000002c   Code   RO         2418    locale$$code        c_w.l(lc_numeric_c.o)
    0x08004170   0x08004170   0x00000062   Code   RO         2188    x$fpl$d2f           fz_ws.l(d2f.o)
    0x080041d2   0x080041d2   0x00000002   PAD
    0x080041d4   0x080041d4   0x00000150   Code   RO         2190    x$fpl$dadd          fz_ws.l(daddsub_clz.o)
    0x08004324   0x08004324   0x00000018   Code   RO         2323    x$fpl$dcmpinf       fz_ws.l(dcmpi.o)
    0x0800433c   0x0800433c   0x000002b0   Code   RO         2197    x$fpl$ddiv          fz_ws.l(ddiv.o)
    0x080045ec   0x080045ec   0x00000078   Code   RO         2200    x$fpl$deqf          fz_ws.l(deqf.o)
    0x08004664   0x08004664   0x0000002e   Code   RO         2203    x$fpl$dflt          fz_ws.l(dflt_clz.o)
    0x08004692   0x08004692   0x00000026   Code   RO         2202    x$fpl$dfltu         fz_ws.l(dflt_clz.o)
    0x080046b8   0x080046b8   0x00000078   Code   RO         2208    x$fpl$dleqf         fz_ws.l(dleqf.o)
    0x08004730   0x08004730   0x00000154   Code   RO         2210    x$fpl$dmul          fz_ws.l(dmul.o)
    0x08004884   0x08004884   0x0000009c   Code   RO         2325    x$fpl$dnaninf       fz_ws.l(dnaninf.o)
    0x08004920   0x08004920   0x0000000c   Code   RO         2327    x$fpl$dretinf       fz_ws.l(dretinf.o)
    0x0800492c   0x0800492c   0x0000006c   Code   RO         2212    x$fpl$drleqf        fz_ws.l(drleqf.o)
    0x08004998   0x08004998   0x000001d4   Code   RO         2192    x$fpl$dsub          fz_ws.l(daddsub_clz.o)
    0x08004b6c   0x08004b6c   0x00000056   Code   RO         2214    x$fpl$f2d           fz_ws.l(f2d.o)
    0x08004bc2   0x08004bc2   0x00000002   PAD
    0x08004bc4   0x08004bc4   0x000000c4   Code   RO         2216    x$fpl$fadd          fz_ws.l(faddsub_clz.o)
    0x08004c88   0x08004c88   0x0000000c   Code   RO         2449    x$fpl$fcheck1       fz_ws.l(fcheck1.o)
    0x08004c94   0x08004c94   0x00000018   Code   RO         2329    x$fpl$fcmpinf       fz_ws.l(fcmpi.o)
    0x08004cac   0x08004cac   0x00000184   Code   RO         2223    x$fpl$fdiv          fz_ws.l(fdiv.o)
    0x08004e30   0x08004e30   0x00000068   Code   RO         2226    x$fpl$feqf          fz_ws.l(feqf.o)
    0x08004e98   0x08004e98   0x00000036   Code   RO         2228    x$fpl$ffix          fz_ws.l(ffix.o)
    0x08004ece   0x08004ece   0x00000002   PAD
    0x08004ed0   0x08004ed0   0x0000003e   Code   RO         2232    x$fpl$ffixu         fz_ws.l(ffixu.o)
    0x08004f0e   0x08004f0e   0x00000002   PAD
    0x08004f10   0x08004f10   0x00000030   Code   RO         2237    x$fpl$fflt          fz_ws.l(fflt_clz.o)
    0x08004f40   0x08004f40   0x00000026   Code   RO         2236    x$fpl$ffltu         fz_ws.l(fflt_clz.o)
    0x08004f66   0x08004f66   0x00000002   PAD
    0x08004f68   0x08004f68   0x00000068   Code   RO         2242    x$fpl$fleqf         fz_ws.l(fleqf.o)
    0x08004fd0   0x08004fd0   0x00000102   Code   RO         2244    x$fpl$fmul          fz_ws.l(fmul.o)
    0x080050d2   0x080050d2   0x0000008c   Code   RO         2331    x$fpl$fnaninf       fz_ws.l(fnaninf.o)
    0x0800515e   0x0800515e   0x0000000a   Code   RO         2333    x$fpl$fretinf       fz_ws.l(fretinf.o)
    0x08005168   0x08005168   0x00000062   Code   RO         2246    x$fpl$frleqf        fz_ws.l(frleqf.o)
    0x080051ca   0x080051ca   0x00000002   PAD
    0x080051cc   0x080051cc   0x00000060   Code   RO         2335    x$fpl$frnd          fz_ws.l(frnd.o)
    0x0800522c   0x0800522c   0x00000014   Code   RO         2217    x$fpl$frsb          fz_ws.l(faddsub_clz.o)
    0x08005240   0x08005240   0x000000ea   Code   RO         2218    x$fpl$fsub          fz_ws.l(faddsub_clz.o)
    0x0800532a   0x0800532a   0x00000004   Code   RO         2248    x$fpl$printf1       fz_ws.l(printf1.o)
    0x0800532e   0x0800532e   0x00000064   Code   RO         2461    x$fpl$retnan        fz_ws.l(retnan.o)
    0x08005392   0x08005392   0x0000004c   Code   RO         2426    x$fpl$scalbnf       fz_ws.l(scalbnf.o)
    0x080053de   0x080053de   0x00000030   Code   RO         2477    x$fpl$trapveneer    fz_ws.l(trapv.o)
    0x0800540e   0x0800540e   0x00000000   Code   RO         2337    x$fpl$usenofp       fz_ws.l(usenofp.o)
    0x0800540e   0x0800540e   0x00000002   PAD
    0x08005410   0x08005410   0x00000020   Data   RO         1825    .constdata          motor.o
    0x08005430   0x08005430   0x0000001a   Data   RO         1867    .constdata          encoder.o
    0x0800544a   0x0800544a   0x00000002   PAD
    0x0800544c   0x0800544c   0x0000000a   Data   RO         2069    .constdata          time.o
    0x08005456   0x08005456   0x00000002   PAD
    0x08005458   0x08005458   0x00000020   Data   RO         2355    .constdata          m_ws.l(rredf.o)
    0x08005478   0x08005478   0x00000094   Data   RO         2389    .constdata          c_w.l(bigflt0.o)
    0x0800550c   0x0800550c   0x00000020   Data   RO         2522    Region$$Table       anon$$obj.o
    0x0800552c   0x0800552c   0x0000001c   Data   RO         2417    locale$$data        c_w.l(lc_numeric_c.o)
    0x08005548   0x08005548   0x00000004   Data   RO          142    .init_array         main.o
    0x0800554c   0x08005548   0x00000000   Data   RO         2183    .init_array         c_w.l(init_aeabi.o)


    Execution Region RW_IRAM1 (Exec base: 0x20000000, Load base: 0x0800554c, Size: 0x00000a60, Max: 0x00010000, ABSOLUTE)

    Exec Addr    Load Addr    Size         Type   Attr      Idx    E Section Name        Object

    0x20000000   0x0800554c   0x00000014   Data   RW          102    .data               system_stm32f10x.o
    0x20000014   0x08005560   0x00000045   Data   RW          141    .data               main.o
    0x20000059   0x080055a5   0x00000014   Data   RW         1518    .data               stm32f10x_rcc.o
    0x2000006d   0x080055b9   0x00000003   PAD
    0x20000070   0x080055bc   0x00000007   Data   RW         1751    .data               usart.o
    0x20000077   0x080055c3   0x00000001   PAD
    0x20000078   0x080055c4   0x00000018   Data   RW         1826    .data               motor.o
    0x20000090   0x080055dc   0x0000001c   Data   RW         1868    .data               encoder.o
    0x200000ac   0x080055f8   0x00000007   Data   RW         1922    .data               millisecondtime.o
    0x200000b3   0x080055ff   0x00000001   PAD
    0x200000b4   0x08005600   0x00000004   Data   RW         2034    .data               battery.o
    0x200000b8   0x08005604   0x00000008   Data   RW         2070    .data               time.o
    0x200000c0   0x0800560c   0x00000004   Data   RW         2090    .data               usart3.o
    0x200000c4   0x08005610   0x00000041   Data   RW         2114    .data               odometry.o
    0x20000105   0x08005651   0x00000003   PAD
    0x20000108        -       0x00000104   Zero   RW          140    .bss                main.o
    0x2000020c        -       0x000000c8   Zero   RW         1750    .bss                usart.o
    0x200002d4        -       0x00000064   Zero   RW         2033    .bss                battery.o
    0x20000338        -       0x000000c8   Zero   RW         2089    .bss                usart3.o
    0x20000400        -       0x00000060   Zero   RW         2431    .bss                c_w.l(libspace.o)
    0x20000460        -       0x00000200   Zero   RW          288    HEAP                startup_stm32f10x_hd.o
    0x20000660        -       0x00000400   Zero   RW          287    STACK               startup_stm32f10x_hd.o


==============================================================================

Image component sizes


      Code (inc. data)   RO Data    RW Data    ZI Data      Debug   Object Name

       454         38          0          4        100       2376   battery.o
         0          0          0          0          0         32   core_cm3.o
       746         70         26         28          0       5997   encoder.o
       140         14          0          0          0       1332   led.o
      1706        456          4         69        260     267125   main.o
       192         38          0          7          0      17585   millisecondtime.o
       132         22          0          0          0     215403   misc.o
       584         40         32         24          0       3312   motor.o
       500         80          0         65          0       2457   odometry.o
       378          0          0          0          0       1432   pid.o
        64         26        304          0       1536        788   startup_stm32f10x_hd.o
       390         10          0          0          0       7385   stm32f10x_adc.o
       416          8          0          0          0       3490   stm32f10x_dma.o
       278          0          0          0          0       2060   stm32f10x_gpio.o
        24          0          0          0          0      60988   stm32f10x_it.o
       404         64          0         20          0       6691   stm32f10x_rcc.o
      2430        264          0          0          0      21370   stm32f10x_tim.o
       460          6          0          0          0       6719   stm32f10x_usart.o
       328         28          0         20          0       2141   system_stm32f10x.o
       196         14         10          8          0       1883   time.o
       392         32          0          7        200       4222   usart.o
       416         34          0          4        200       1998   usart3.o

    ----------------------------------------------------------------------
     10656       1244        412        264       2296     636786   Object Totals
         0          0         32          0          0          0   (incl. Generated)
        26          0          4          8          0          0   (incl. Padding)

    ----------------------------------------------------------------------

      Code (inc. data)   RO Data    RW Data    ZI Data      Debug   Library Member Name

         8          0          0          0          0         68   __main.o
       104          0          0          0          0         84   __printf.o
         0          0          0          0          0          0   __rtentry.o
        12          0          0          0          0          0   __rtentry2.o
         6          0          0          0          0          0   __rtentry4.o
        52          8          0          0          0          0   __scatter.o
        26          0          0          0          0          0   __scatter_copy.o
        28          0          0          0          0          0   __scatter_zi.o
        48          6          0          0          0         96   _printf_char_common.o
        36          4          0          0          0         80   _printf_char_file.o
         6          0          0          0          0          0   _printf_d.o
       120         16          0          0          0         92   _printf_dec.o
         6          0          0          0          0          0   _printf_f.o
      1054          0          0          0          0        216   _printf_fp_dec.o
       128         16          0          0          0         84   _printf_fp_infnan.o
       178          0          0          0          0         88   _printf_intcommon.o
         0          0          0          0          0          0   _printf_percent.o
         4          0          0          0          0          0   _printf_percent_end.o
        22          0          0          0          0        100   _rserrno.o
       228          4        148          0          0         96   bigflt0.o
      1936        128          0          0          0        672   btod.o
        18          0          0          0          0         80   exit.o
         8          0          0          0          0         68   ferror.o
         6          0          0          0          0        152   heapauxi.o
        36         10          0          0          0         80   init_aeabi.o
        44         10         28          0          0         76   lc_numeric_c.o
         2          0          0          0          0          0   libinit.o
        22          0          0          0          0          0   libinit2.o
         2          0          0          0          0          0   libshutdown.o
         2          0          0          0          0          0   libshutdown2.o
         8          4          0          0         96         68   libspace.o
       138          0          0          0          0         80   lludiv10.o
        24          4          0          0          0         84   noretval__2printf.o
         8          4          0          0          0         68   rt_errno_addr_intlibspace.o
         8          4          0          0          0         68   rt_locale_intlibspace.o
         2          0          0          0          0          0   rtexit.o
        10          0          0          0          0          0   rtexit2.o
       128          0          0          0          0         68   strcmpv7m.o
        74          0          0          0          0         80   sys_stackheap_outer.o
         2          0          0          0          0         68   use_no_semi.o
         2          0          0          0          0         68   use_no_semi_2.o
        98          4          0          0          0         92   d2f.o
       804         16          0          0          0        272   daddsub_clz.o
        24          0          0          0          0         68   dcmpi.o
       688        140          0          0          0        208   ddiv.o
       120          4          0          0          0         92   deqf.o
        84          0          0          0          0        136   dflt_clz.o
       120          4          0          0          0         92   dleqf.o
       340         12          0          0          0        104   dmul.o
       156          4          0          0          0         92   dnaninf.o
        12          0          0          0          0         68   dretinf.o
       108          0          0          0          0         80   drleqf.o
        86          4          0          0          0         84   f2d.o
       450          8          0          0          0        236   faddsub_clz.o
        12          4          0          0          0         68   fcheck1.o
        24          0          0          0          0         68   fcmpi.o
       388         76          0          0          0         96   fdiv.o
       104          4          0          0          0         84   feqf.o
        54          4          0          0          0         84   ffix.o
        62          4          0          0          0         84   ffixu.o
        86          0          0          0          0        136   fflt_clz.o
       104          4          0          0          0         84   fleqf.o
       258          4          0          0          0         84   fmul.o
       140          4          0          0          0         84   fnaninf.o
        10          0          0          0          0         68   fretinf.o
        98          0          0          0          0         68   frleqf.o
        96          4          0          0          0         76   frnd.o
         4          0          0          0          0         68   printf1.o
       100          0          0          0          0         68   retnan.o
        76          0          0          0          0         68   scalbnf.o
        48          0          0          0          0         68   trapv.o
         0          0          0          0          0          0   usenofp.o
       380         52          0          0          0        124   cosf.o
        40          0          0          0          0         68   fpclassify.o
        38          0          0          0          0         68   fpclassifyf.o
        24          0          0          0          0        204   funder.o
       360         16         32          0          0         88   rredf.o
       392         54          0          0          0        124   sinf.o

    ----------------------------------------------------------------------
     10560        644        208          0         96       6440   Library Totals
        26          0          0          0          0          0   (incl. Padding)

    ----------------------------------------------------------------------

      Code (inc. data)   RO Data    RW Data    ZI Data      Debug   Library Name

      4546        218        176          0         96       2784   c_w.l
      4754        304          0          0          0       2980   fz_ws.l
      1234        122         32          0          0        676   m_ws.l

    ----------------------------------------------------------------------
     10560        644        208          0         96       6440   Library Totals

    ----------------------------------------------------------------------

==============================================================================


      Code (inc. data)   RO Data    RW Data    ZI Data      Debug   

     21216       1888        620        264       2392     633966   Grand Totals
     21216       1888        620        264       2392     633966   ELF Image Totals
     21216       1888        620        264          0          0   ROM Totals

==============================================================================

    Total RO  Size (Code + RO Data)                21836 (  21.32kB)
    Total RW  Size (RW Data + ZI Data)              2656 (   2.59kB)
    Total ROM Size (Code + RO Data + RW Data)      22100 (  21.58kB)

==============================================================================

